Archive member included to satisfy reference by file (symbol)

/home/jesse/st/stm32cubeide_1.19.0/plugins/com.st.stm32cube.ide.mcu.externaltools.gnu-tools-for-stm32.13.3.rel1.linux64_1.0.0.202410170706/tools/bin/../lib/gcc/arm-none-eabi/13.3.1/../../../../arm-none-eabi/lib/thumb/v7e-m+fp/hard/libc_nano.a(libc_a-atoi.o)
                              ./Core/Src/SD_card.o (atoi)
/home/jesse/st/stm32cubeide_1.19.0/plugins/com.st.stm32cube.ide.mcu.externaltools.gnu-tools-for-stm32.13.3.rel1.linux64_1.0.0.202410170706/tools/bin/../lib/gcc/arm-none-eabi/13.3.1/../../../../arm-none-eabi/lib/thumb/v7e-m+fp/hard/libc_nano.a(libc_a-exit.o)
                              /home/jesse/st/stm32cubeide_1.19.0/plugins/com.st.stm32cube.ide.mcu.externaltools.gnu-tools-for-stm32.13.3.rel1.linux64_1.0.0.202410170706/tools/bin/../lib/gcc/arm-none-eabi/13.3.1/../../../../arm-none-eabi/lib/thumb/v7e-m+fp/hard/crt0.o (exit)
/home/jesse/st/stm32cubeide_1.19.0/plugins/com.st.stm32cube.ide.mcu.externaltools.gnu-tools-for-stm32.13.3.rel1.linux64_1.0.0.202410170706/tools/bin/../lib/gcc/arm-none-eabi/13.3.1/../../../../arm-none-eabi/lib/thumb/v7e-m+fp/hard/libc_nano.a(libc_a-strtol.o)
                              /home/jesse/st/stm32cubeide_1.19.0/plugins/com.st.stm32cube.ide.mcu.externaltools.gnu-tools-for-stm32.13.3.rel1.linux64_1.0.0.202410170706/tools/bin/../lib/gcc/arm-none-eabi/13.3.1/../../../../arm-none-eabi/lib/thumb/v7e-m+fp/hard/libc_nano.a(libc_a-atoi.o) (_strtol_r)
/home/jesse/st/stm32cubeide_1.19.0/plugins/com.st.stm32cube.ide.mcu.externaltools.gnu-tools-for-stm32.13.3.rel1.linux64_1.0.0.202410170706/tools/bin/../lib/gcc/arm-none-eabi/13.3.1/../../../../arm-none-eabi/lib/thumb/v7e-m+fp/hard/libc_nano.a(libc_a-ctype_.o)
                              /home/jesse/st/stm32cubeide_1.19.0/plugins/com.st.stm32cube.ide.mcu.externaltools.gnu-tools-for-stm32.13.3.rel1.linux64_1.0.0.202410170706/tools/bin/../lib/gcc/arm-none-eabi/13.3.1/../../../../arm-none-eabi/lib/thumb/v7e-m+fp/hard/libc_nano.a(libc_a-strtol.o) (_ctype_)
/home/jesse/st/stm32cubeide_1.19.0/plugins/com.st.stm32cube.ide.mcu.externaltools.gnu-tools-for-stm32.13.3.rel1.linux64_1.0.0.202410170706/tools/bin/../lib/gcc/arm-none-eabi/13.3.1/../../../../arm-none-eabi/lib/thumb/v7e-m+fp/hard/libc_nano.a(libc_a-findfp.o)
                              /home/jesse/st/stm32cubeide_1.19.0/plugins/com.st.stm32cube.ide.mcu.externaltools.gnu-tools-for-stm32.13.3.rel1.linux64_1.0.0.202410170706/tools/bin/../lib/gcc/arm-none-eabi/13.3.1/../../../../arm-none-eabi/lib/thumb/v7e-m+fp/hard/libc_nano.a(libc_a-exit.o) (__stdio_exit_handler)
/home/jesse/st/stm32cubeide_1.19.0/plugins/com.st.stm32cube.ide.mcu.externaltools.gnu-tools-for-stm32.13.3.rel1.linux64_1.0.0.202410170706/tools/bin/../lib/gcc/arm-none-eabi/13.3.1/../../../../arm-none-eabi/lib/thumb/v7e-m+fp/hard/libc_nano.a(libc_a-fwalk.o)
                              /home/jesse/st/stm32cubeide_1.19.0/plugins/com.st.stm32cube.ide.mcu.externaltools.gnu-tools-for-stm32.13.3.rel1.linux64_1.0.0.202410170706/tools/bin/../lib/gcc/arm-none-eabi/13.3.1/../../../../arm-none-eabi/lib/thumb/v7e-m+fp/hard/libc_nano.a(libc_a-findfp.o) (_fwalk_sglue)
/home/jesse/st/stm32cubeide_1.19.0/plugins/com.st.stm32cube.ide.mcu.externaltools.gnu-tools-for-stm32.13.3.rel1.linux64_1.0.0.202410170706/tools/bin/../lib/gcc/arm-none-eabi/13.3.1/../../../../arm-none-eabi/lib/thumb/v7e-m+fp/hard/libc_nano.a(libc_a-snprintf.o)
                              ./Core/Src/SD_card.o (snprintf)
/home/jesse/st/stm32cubeide_1.19.0/plugins/com.st.stm32cube.ide.mcu.externaltools.gnu-tools-for-stm32.13.3.rel1.linux64_1.0.0.202410170706/tools/bin/../lib/gcc/arm-none-eabi/13.3.1/../../../../arm-none-eabi/lib/thumb/v7e-m+fp/hard/libc_nano.a(libc_a-stdio.o)
                              /home/jesse/st/stm32cubeide_1.19.0/plugins/com.st.stm32cube.ide.mcu.externaltools.gnu-tools-for-stm32.13.3.rel1.linux64_1.0.0.202410170706/tools/bin/../lib/gcc/arm-none-eabi/13.3.1/../../../../arm-none-eabi/lib/thumb/v7e-m+fp/hard/libc_nano.a(libc_a-findfp.o) (__sread)
/home/jesse/st/stm32cubeide_1.19.0/plugins/com.st.stm32cube.ide.mcu.externaltools.gnu-tools-for-stm32.13.3.rel1.linux64_1.0.0.202410170706/tools/bin/../lib/gcc/arm-none-eabi/13.3.1/../../../../arm-none-eabi/lib/thumb/v7e-m+fp/hard/libc_nano.a(libc_a-vsnprintf.o)
                              ./Core/Src/main.o (vsnprintf)
/home/jesse/st/stm32cubeide_1.19.0/plugins/com.st.stm32cube.ide.mcu.externaltools.gnu-tools-for-stm32.13.3.rel1.linux64_1.0.0.202410170706/tools/bin/../lib/gcc/arm-none-eabi/13.3.1/../../../../arm-none-eabi/lib/thumb/v7e-m+fp/hard/libc_nano.a(libc_a-memcmp.o)
                              ./Core/Src/SD_card.o (memcmp)
/home/jesse/st/stm32cubeide_1.19.0/plugins/com.st.stm32cube.ide.mcu.externaltools.gnu-tools-for-stm32.13.3.rel1.linux64_1.0.0.202410170706/tools/bin/../lib/gcc/arm-none-eabi/13.3.1/../../../../arm-none-eabi/lib/thumb/v7e-m+fp/hard/libc_nano.a(libc_a-memmove.o)
[...]
Memory Configuration

Name             Origin             Length             Attributes
RAM              0x20000000         0x0000c000         xrw
RAM2             0x10000000         0x00004000         xrw
FLASH            0x08000000         0x00040000         xr
*default*        0x00000000         0xffffffff

Linker script and memory map

LOAD /home/jesse/st/stm32cubeide_1.19.0/plugins/com.st.stm32cube.ide.mcu.externaltools.gnu-tools-for-stm32.13.3.rel1.linux64_1.0.0.202410170706/tools/bin/../lib/gcc/arm-none-eabi/13.3.1/thumb/v7e-m+fp/hard/crti.o
LOAD /home/jesse/st/stm32cubeide_1.19.0/plugins/com.st.stm32cube.ide.mcu.externaltools.gnu-tools-for-stm32.13.3.rel1.linux64_1.0.0.202410170706/tools/bin/../lib/gcc/arm-none-eabi/13.3.1/thumb/v7e-m+fp/hard/crtbegin.o
LOAD /home/jesse/st/stm32cubeide_1.19.0/plugins/com.st.stm32cube.ide.mcu.externaltools.gnu-tools-for-stm32.13.3.rel1.linux64_1.0.0.202410170706/tools/bin/../lib/gcc/arm-none-eabi/13.3.1/../../../../arm-none-eabi/lib/thumb/v7e-m+fp/hard/crt0.o
LOAD ./Core/Src/OLED.o
LOAD ./Core/Src/SD_card.o
LOAD ./Core/Src/dma.o
LOAD ./Core/Src/gpio.o
LOAD ./Core/Src/i2c.o
LOAD ./Core/Src/intern_dma.o
LOAD ./Core/Src/intern_sysclock.o
LOAD ./Core/Src/intern_tim2dma.o
LOAD ./Core/Src/main.o
LOAD ./Core/Src/periph_64ledmatrix.o
LOAD ./Core/Src/spi.o
LOAD ./Core/Src/stm32l4xx_hal_msp.o
LOAD ./Core/Src/stm32l4xx_it.o
LOAD ./Core/Src/syscalls.o
LOAD ./Core/Src/sysmem.o
LOAD ./Core/Src/system_stm32l4xx.o
LOAD ./Core/Src/tim.o
LOAD ./Core/Src/usart.o
LOAD ./Core/Startup/startup_stm32l433cctx.o
LOAD ./Drivers/STM32L4xx_HAL_Driver/Src/stm32l4xx_hal.o
LOAD ./Drivers/STM32L4xx_HAL_Driver/Src/stm32l4xx_hal_cortex.o
LOAD ./Drivers/STM32L4xx_HAL_Driver/Src/stm32l4xx_hal_dma.o
LOAD ./Drivers/STM32L4xx_HAL_Driver/Src/stm32l4xx_hal_dma_ex.o
LOAD ./Drivers/STM32L4xx_HAL_Driver/Src/stm32l4xx_hal_exti.o
LOAD ./Drivers/STM32L4xx_HAL_Driver/Src/stm32l4xx_hal_flash.o
LOAD ./Drivers/STM32L4xx_HAL_Driver/Src/stm32l4xx_hal_flash_ex.o
LOAD ./Drivers/STM32L4xx_HAL_Driver/Src/stm32l4xx_hal_flash_ramfunc.o
LOAD ./Drivers/STM32L4xx_HAL_Driver/Src/stm32l4xx_hal_gpio.o
LOAD ./Drivers/STM32L4xx_HAL_Driver/Src/stm32l4xx_hal_i2c.o
LOAD ./Drivers/STM32L4xx_HAL_Driver/Src/stm32l4xx_hal_i2c_ex.o
LOAD ./Drivers/STM32L4xx_HAL_Driver/Src/stm32l4xx_hal_pwr.o
LOAD ./Drivers/STM32L4xx_HAL_Driver/Src/stm32l4xx_hal_pwr_ex.o
LOAD ./Drivers/STM32L4xx_HAL_Driver/Src/stm32l4xx_hal_rcc.o
LOAD ./Drivers/STM32L4xx_HAL_Driver/Src/stm32l4xx_hal_rcc_ex.o
LOAD ./Drivers/STM32L4xx_HAL_Driver/Src/stm32l4xx_hal_spi.o
LOAD ./Drivers/STM32L4xx_HAL_Driver/Src/stm32l4xx_hal_spi_ex.o
LOAD ./Drivers/STM32L4xx_HAL_Driver/Src/stm32l4xx_hal_tim.o
LOAD ./Drivers/STM32L4xx_HAL_Driver/Src/stm32l4xx_hal_tim_ex.o
LOAD ./Drivers/STM32L4xx_HAL_Driver/Src/stm32l4xx_hal_uart.o
LOAD ./Drivers/STM32L4xx_HAL_Driver/Src/stm32l4xx_hal_uart_ex.o
LOAD ./FATFS/App/fatfs.o
LOAD ./FATFS/Target/user_diskio.o
LOAD ./Middlewares/Third_Party/FatFs/src/diskio.o
LOAD ./Middlewares/Third_Party/FatFs/src/ff.o
LOAD ./Middlewares/Third_Party/FatFs/src/ff_gen_drv.o
LOAD ./Middlewares/Third_Party/FatFs/src/option/syscall.o
START GROUP
LOAD /home/jesse/st/stm32cubeide_1.19.0/plugins/com.st.stm32cube.ide.mcu.externaltools.gnu-tools-for-stm32.13.3.rel1.linux64_1.0.0.202410170706/tools/bin/../lib/gcc/arm-none-eabi/13.3.1/../../../../arm-none-eabi/lib/thumb/v7e-m+fp/hard/libc_nano.a
LOAD /home/jesse/st/stm32cubeide_1.19.0/plugins/com.st.stm32cube.ide.mcu.externaltools.gnu-tools-for-stm32.13.3.rel1.linux64_1.0.0.202410170706/tools/bin/../lib/gcc/arm-none-eabi/13.3.1/../../../../arm-none-eabi/lib/thumb/v7e-m+fp/hard/libm.a
END GROUP
START GROUP
LOAD /home/jesse/st/stm32cubeide_1.19.0/plugins/com.st.stm32cube.ide.mcu.externaltools.gnu-tools-for-stm32.13.3.rel1.linux64_1.0.0.202410170706/tools/bin/../lib/gcc/arm-none-eabi/13.3.1/thumb/v7e-m+fp/hard/libgcc.a
LOAD /home/jesse/st/stm32cubeide_1.19.0/plugins/com.st.stm32cube.ide.mcu.externaltools.gnu-tools-for-stm32.13.3.rel1.linux64_1.0.0.202410170706/tools/bin/../lib/gcc/arm-none-eabi/13.3.1/../../../../arm-none-eabi/lib/thumb/v7e-m+fp/hard/libc_nano.a
END GROUP
START GROUP
LOAD /home/jesse/st/stm32cubeide_1.19.0/plugins/com.st.stm32cube.ide.mcu.externaltools.gnu-tools-for-stm32.13.3.rel1.linux64_1.0.0.202410170706/tools/bin/../lib/gcc/arm-none-eabi/13.3.1/thumb/v7e-m+fp/hard/libgcc.a
LOAD /home/jesse/st/stm32cubeide_1.19.0/plugins/com.st.stm32cube.ide.mcu.externaltools.gnu-tools-for-stm32.13.3.rel1.linux64_1.0.0.202410170706/tools/bin/../lib/gcc/arm-none-eabi/13.3.1/../../../../arm-none-eabi/lib/thumb/v7e-m+fp/hard/libc_nano.a
LOAD /home/jesse/st/stm32cubeide_1.19.0/plugins/com.st.stm32cube.ide.mcu.externaltools.gnu-tools-for-stm32.13.3.rel1.linux64_1.0.0.202410170706/tools/bin/../lib/gcc/arm-none-eabi/13.3.1/../../../../arm-none-eabi/lib/thumb/v7e-m+fp/hard/libnosys.a
END GROUP
START GROUP
LOAD /home/jesse/st/stm32cubeide_1.19.0/plugins/com.st.stm32cube.ide.mcu.externaltools.gnu-tools-for-stm32.13.3.rel1.linux64_1.0.0.202410170706/tools/bin/../lib/gcc/arm-none-eabi/13.3.1/thumb/v7e-m+fp/hard/libgcc.a
LOAD /home/jesse/st/stm32cubeide_1.19.0/plugins/com.st.stm32cube.ide.mcu.externaltools.gnu-tools-for-stm32.13.3.rel1.linux64_1.0.0.202410170706/tools/bin/../lib/gcc/arm-none-eabi/13.3.1/../../../../arm-none-eabi/lib/thumb/v7e-m+fp/hard/libc_nano.a
LOAD /home/jesse/st/stm32cubeide_1.19.0/plugins/com.st.stm32cube.ide.mcu.externaltools.gnu-tools-for-stm32.13.3.rel1.linux64_1.0.0.202410170706/tools/bin/../lib/gcc/arm-none-eabi/13.3.1/../../../../arm-none-eabi/lib/thumb/v7e-m+fp/hard/libnosys.a
END GROUP
LOAD /home/jesse/st/stm32cubeide_1.19.0/plugins/com.st.stm32cube.ide.mcu.externaltools.gnu-tools-for-stm32.13.3.rel1.linux64_1.0.0.202410170706/tools/bin/../lib/gcc/arm-none-eabi/13.3.1/thumb/v7e-m+fp/hard/crtend.o
LOAD /home/jesse/st/stm32cubeide_1.19.0/plugins/com.st.stm32cube.ide.mcu.externaltools.gnu-tools-for-stm32.13.3.rel1.linux64_1.0.0.202410170706/tools/bin/../lib/gcc/arm-none-eabi/13.3.1/thumb/v7e-m+fp/hard/crtn.o
                0x2000c000                        _estack = (ORIGIN (RAM) + LENGTH (RAM))
                0x00000200                        _Min_Heap_Size = 0x200
                0x00000400                        _Min_Stack_Size = 0x400

.isr_vector     0x08000000      0x18c
                0x08000000                        . = ALIGN (0x4)
 *(.isr_vector)
 .isr_vector    0x08000000      0x18c ./Core/Startup/startup_stm32l433cctx.o
                0x08000000                g_pfnVectors
                0x0800018c                        . = ALIGN (0x4)

.text           0x08000190     0x908c
                0x08000190                        . = ALIGN (0x4)
 *(.text)
 .text          0x08000190       0x40 /home/jesse/st/stm32cubeide_1.19.0/plugins/com.st.stm32cube.ide.mcu.externaltools.gnu-tools-for-stm32.13.3.rel1.linux64_1.0.0.202410170706/tools/bin/../lib/gcc/arm-none-eabi/13.3.1/thumb/v7e-m+fp/hard/crtbegin.o
 .text          0x080001d0       0x14 /home/jesse/st/stm32cubeide_1.19.0/plugins/com.st.stm32cube.ide.mcu.externaltools.gnu-tools-for-stm32.13.3.rel1.linux64_1.0.0.202410170706/tools/bin/../lib/gcc/arm-none-eabi/13.3.1/../../../../arm-none-eabi/lib/thumb/v7e-m+fp/hard/libc_nano.a(libc_a-strcmp.o)
                0x080001d0                strcmp
 .text          0x080001e4       0x10 /home/jesse/st/stm32cubeide_1.19.0/plugins/com.st.stm32cube.ide.mcu.externaltools.gnu-tools-for-stm32.13.3.rel1.linux64_1.0.0.202410170706/tools/bin/../lib/gcc/arm-none-eabi/13.3.1/../../../../arm-none-eabi/lib/thumb/v7e-m+fp/hard/libc_nano.a(libc_a-strlen.o)
                0x080001e4                strlen
 *fill*         0x080001f4        0xc 
 .text          0x08000200       0xa0 /home/jesse/st/stm32cubeide_1.19.0/plugins/com.st.stm32cube.ide.mcu.externaltools.gnu-tools-for-stm32.13.3.rel1.linux64_1.0.0.202410170706/tools/bin/../lib/gcc/arm-none-eabi/13.3.1/../../../../arm-none-eabi/lib/thumb/v7e-m+fp/hard/libc_nano.a(libc_a-memchr.o)
                0x08000200                memchr
 .text          0x080002a0       0x30 /home/jesse/st/stm32cubeide_1.19.0/plugins/com.st.stm32cube.ide.mcu.externaltools.gnu-tools-for-stm32.13.3.rel1.linux64_1.0.0.202410170706/tools/bin/../lib/gcc/arm-none-eabi/13.3.1/thumb/v7e-m+fp/hard/libgcc.a(_aeabi_uldivmod.o)
                0x080002a0                __aeabi_uldivmod
 .text          0x080002d0      0x2f8 /home/jesse/st/stm32cubeide_1.19.0/plugins/com.st.stm32cube.ide.mcu.externaltools.gnu-tools-for-stm32.13.3.rel1.linux64_1.0.0.202410170706/tools/bin/../lib/gcc/arm-none-eabi/13.3.1/thumb/v7e-m+fp/hard/libgcc.a(_udivmoddi4.o)
                0x080002d0                __udivmoddi4
 .text          0x080005c8        0x4 /home/jesse/st/stm32cubeide_1.19.0/plugins/com.st.stm32cube.ide.mcu.externaltools.gnu-tools-for-stm32.13.3.rel1.linux64_1.0.0.202410170706/tools/bin/../lib/gcc/arm-none-eabi/13.3.1/thumb/v7e-m+fp/hard/libgcc.a(_dvmd_tls.o)
                0x080005c8                __aeabi_ldiv0
                0x080005c8                __aeabi_idiv0
 *(.text*)
 .text.OLED_WriteCommand
                0x080005cc       0x34 ./Core/Src/OLED.o
 .text.OLED_WriteData
                0x08000600       0x34 ./Core/Src/OLED.o
 .text.OLED_SetCursor
                0x08000634       0x4c ./Core/Src/OLED.o
 .text.OLED_Clear
                0x08000680       0x46 ./Core/Src/OLED.o
                0x08000680                OLED_Clear
 *fill*         0x080006c6        0x2 
 .text.OLED_Init
                0x080006c8       0xb0 ./Core/Src/OLED.o
                0x080006c8                OLED_Init
 .text.MX_DMA_Init
                0x08000778       0x3c ./Core/Src/dma.o
                0x08000778                MX_DMA_Init
 .text.MX_GPIO_Init
                0x080007b4       0x7c ./Core/Src/gpio.o
                0x080007b4                MX_GPIO_Init
 .text.MX_I2C2_Init
                0x08000830       0x80 ./Core/Src/i2c.o
                0x08000830                MX_I2C2_Init
 .text.HAL_I2C_MspInit
                0x080008b0       0xb8 ./Core/Src/i2c.o
                0x080008b0                HAL_I2C_MspInit
 .text.myprintf
                0x08000968       0x4c ./Core/Src/main.o
                0x08000968                myprintf
 .text.trim_crlf
                0x080009b4       0x4c ./Core/Src/main.o
 .text.ends_with_case
                0x08000a00       0x90 ./Core/Src/main.o
 .text.replace_ext
                0x08000a90       0x46 ./Core/Src/main.o
 *fill*         0x08000ad6        0x2 
 .text.parse_tsq_header
                0x08000ad8      0x2c4 ./Core/Src/main.o
 .text.parse_wav_info
                0x08000d9c      0x494 ./Core/Src/main.o
 .text.main     0x08001230      0x32c ./Core/Src/main.o
                0x08001230                main
 .text.SystemClock_Config
                0x0800155c       0xa4 ./Core/Src/main.o
                0x0800155c                SystemClock_Config
 .text.Error_Handler
                0x08001600        0xc ./Core/Src/main.o
                0x08001600                Error_Handler
 .text.MX_SPI2_Init
                0x0800160c       0x7c ./Core/Src/spi.o
                0x0800160c                MX_SPI2_Init
 .text.HAL_SPI_MspInit
                0x08001688       0x88 ./Core/Src/spi.o
                0x08001688                HAL_SPI_MspInit
 .text.HAL_MspInit
                0x08001710       0x48 ./Core/Src/stm32l4xx_hal_msp.o
                0x08001710                HAL_MspInit
 .text.NMI_Handler
                0x08001758        0x8 ./Core/Src/stm32l4xx_it.o
                0x08001758                NMI_Handler
 .text.HardFault_Handler
                0x08001760        0x8 ./Core/Src/stm32l4xx_it.o
                0x08001760                HardFault_Handler
 .text.MemManage_Handler
                0x08001768        0x8 ./Core/Src/stm32l4xx_it.o
                0x08001768                MemManage_Handler
 .text.BusFault_Handler
                0x08001770        0x8 ./Core/Src/stm32l4xx_it.o
                0x08001770                BusFault_Handler
 .text.UsageFault_Handler
                0x08001778        0x8 ./Core/Src/stm32l4xx_it.o
                0x08001778                UsageFault_Handler
 .text.SVC_Handler
                0x08001780        0xe ./Core/Src/stm32l4xx_it.o
                0x08001780                SVC_Handler
 .text.DebugMon_Handler
                0x0800178e        0xe ./Core/Src/stm32l4xx_it.o
                0x0800178e                DebugMon_Handler
 .text.PendSV_Handler
                0x0800179c        0xe ./Core/Src/stm32l4xx_it.o
                0x0800179c                PendSV_Handler
 .text.SysTick_Handler
                0x080017aa        0xc ./Core/Src/stm32l4xx_it.o
                0x080017aa                SysTick_Handler
 *fill*         0x080017b6        0x2 
 .text.DMA1_Channel5_IRQHandler
                0x080017b8       0x14 ./Core/Src/stm32l4xx_it.o
                0x080017b8                DMA1_Channel5_IRQHandler
 .text._sbrk    0x080017cc       0x6c ./Core/Src/sysmem.o
                0x080017cc                _sbrk
 .text.SystemInit
                0x08001838       0x24 ./Core/Src/system_stm32l4xx.o
                0x08001838                SystemInit
 .text.MX_TIM2_Init
                0x0800185c       0xec ./Core/Src/tim.o
                0x0800185c                MX_TIM2_Init
 .text.HAL_TIM_Base_MspInit
                0x08001948       0x94 ./Core/Src/tim.o
                0x08001948                HAL_TIM_Base_MspInit
 .text.HAL_TIM_MspPostInit
                0x080019dc       0x68 ./Core/Src/tim.o
                0x080019dc                HAL_TIM_MspPostInit
 .text.MX_USART1_UART_Init
                0x08001a44       0x60 ./Core/Src/usart.o
                0x08001a44                MX_USART1_UART_Init
 .text.MX_USART2_UART_Init
                0x08001aa4       0x60 ./Core/Src/usart.o
                0x08001aa4                MX_USART2_UART_Init
 .text.HAL_UART_MspInit
                0x08001b04      0x140 ./Core/Src/usart.o
                0x08001b04                HAL_UART_MspInit
 .text.Reset_Handler
                0x08001c44       0x50 ./Core/Startup/startup_stm32l433cctx.o
                0x08001c44                Reset_Handler
 .text.Default_Handler
                0x08001c94        0x2 ./Core/Startup/startup_stm32l433cctx.o
                0x08001c94                RTC_Alarm_IRQHandler
                0x08001c94                EXTI2_IRQHandler
                0x08001c94                TIM1_CC_IRQHandler
                0x08001c94                TSC_IRQHandler
                0x08001c94                TAMP_STAMP_IRQHandler
                0x08001c94                EXTI3_IRQHandler
                0x08001c94                LPTIM2_IRQHandler
                0x08001c94                I2C3_ER_IRQHandler
                0x08001c94                EXTI0_IRQHandler
                0x08001c94                I2C2_EV_IRQHandler
                0x08001c94                CAN1_RX0_IRQHandler
                0x08001c94                FPU_IRQHandler
                0x08001c94                TIM1_UP_TIM16_IRQHandler
                0x08001c94                SPI1_IRQHandler
                0x08001c94                TIM6_DAC_IRQHandler
                0x08001c94                DMA2_Channel2_IRQHandler
                0x08001c94                DMA1_Channel4_IRQHandler
                0x08001c94                ADC1_IRQHandler
                0x08001c94                USART3_IRQHandler
                0x08001c94                DMA1_Channel7_IRQHandler
                0x08001c94                CAN1_RX1_IRQHandler
                0x08001c94                LCD_IRQHandler
                0x08001c94                DMA2_Channel1_IRQHandler
                0x08001c94                QUADSPI_IRQHandler
                0x08001c94                I2C1_EV_IRQHandler
                0x08001c94                DMA1_Channel6_IRQHandler
                0x08001c94                DMA2_Channel4_IRQHandler
                0x08001c94                RCC_IRQHandler
                0x08001c94                TIM1_TRG_COM_IRQHandler
                0x08001c94                DMA1_Channel1_IRQHandler
                0x08001c94                Default_Handler
                0x08001c94                DMA2_Channel7_IRQHandler
                0x08001c94                EXTI15_10_IRQHandler
                0x08001c94                TIM7_IRQHandler
                0x08001c94                SDMMC1_IRQHandler
                0x08001c94                I2C3_EV_IRQHandler
                0x08001c94                USB_IRQHandler
                0x08001c94                EXTI9_5_IRQHandler
                0x08001c94                RTC_WKUP_IRQHandler
                0x08001c94                PVD_PVM_IRQHandler
                0x08001c94                SPI2_IRQHandler
                0x08001c94                CAN1_TX_IRQHandler
                0x08001c94                DMA2_Channel5_IRQHandler
                0x08001c94                CRS_IRQHandler
                0x08001c94                EXTI4_IRQHandler
                0x08001c94                RNG_IRQHandler
                0x08001c94                DMA1_Channel3_IRQHandler
                0x08001c94                COMP_IRQHandler
                0x08001c94                WWDG_IRQHandler
                0x08001c94                LPUART1_IRQHandler
                0x08001c94                DMA2_Channel6_IRQHandler
                0x08001c94                TIM2_IRQHandler
                0x08001c94                EXTI1_IRQHandler
                0x08001c94                USART2_IRQHandler
                0x08001c94                I2C2_ER_IRQHandler
                0x08001c94                DMA1_Channel2_IRQHandler
                0x08001c94                CAN1_SCE_IRQHandler
                0x08001c94                FLASH_IRQHandler
                0x08001c94                USART1_IRQHandler
                0x08001c94                SPI3_IRQHandler
                0x08001c94                I2C1_ER_IRQHandler
                0x08001c94                SWPMI1_IRQHandler
                0x08001c94                LPTIM1_IRQHandler
                0x08001c94                SAI1_IRQHandler
                0x08001c94                DMA2_Channel3_IRQHandler
                0x08001c94                TIM1_BRK_TIM15_IRQHandler
 .text.HAL_Init
                0x08001c96       0x30 ./Drivers/STM32L4xx_HAL_Driver/Src/stm32l4xx_hal.o
                0x08001c96                HAL_Init
 *fill*         0x08001cc6        0x2 
 .text.HAL_InitTick
                0x08001cc8       0x78 ./Drivers/STM32L4xx_HAL_Driver/Src/stm32l4xx_hal.o
                0x08001cc8                HAL_InitTick
 .text.HAL_IncTick
                0x08001d40       0x28 ./Drivers/STM32L4xx_HAL_Driver/Src/stm32l4xx_hal.o
                0x08001d40                HAL_IncTick
 .text.HAL_GetTick
                0x08001d68       0x18 ./Drivers/STM32L4xx_HAL_Driver/Src/stm32l4xx_hal.o
                0x08001d68                HAL_GetTick
 .text.HAL_Delay
                0x08001d80       0x48 ./Drivers/STM32L4xx_HAL_Driver/Src/stm32l4xx_hal.o
                0x08001d80                HAL_Delay
 .text.__NVIC_SetPriorityGrouping
                0x08001dc8       0x48 ./Drivers/STM32L4xx_HAL_Driver/Src/stm32l4xx_hal_cortex.o
 .text.__NVIC_GetPriorityGrouping
                0x08001e10       0x1c ./Drivers/STM32L4xx_HAL_Driver/Src/stm32l4xx_hal_cortex.o
 .text.__NVIC_EnableIRQ
                0x08001e2c       0x3c ./Drivers/STM32L4xx_HAL_Driver/Src/stm32l4xx_hal_cortex.o
 .text.__NVIC_SetPriority
                0x08001e68       0x54 ./Drivers/STM32L4xx_HAL_Driver/Src/stm32l4xx_hal_cortex.o
 .text.NVIC_EncodePriority
                0x08001ebc       0x66 ./Drivers/STM32L4xx_HAL_Driver/Src/stm32l4xx_hal_cortex.o
 *fill*         0x08001f22        0x2 
 .text.SysTick_Config
                0x08001f24       0x44 ./Drivers/STM32L4xx_HAL_Driver/Src/stm32l4xx_hal_cortex.o
 .text.HAL_NVIC_SetPriorityGrouping
                0x08001f68       0x16 ./Drivers/STM32L4xx_HAL_Driver/Src/stm32l4xx_hal_cortex.o
                0x08001f68                HAL_NVIC_SetPriorityGrouping
 .text.HAL_NVIC_SetPriority
                0x08001f7e       0x38 ./Drivers/STM32L4xx_HAL_Driver/Src/stm32l4xx_hal_cortex.o
                0x08001f7e                HAL_NVIC_SetPriority
 .text.HAL_NVIC_EnableIRQ
                0x08001fb6       0x1c ./Drivers/STM32L4xx_HAL_Driver/Src/stm32l4xx_hal_cortex.o
                0x08001fb6                HAL_NVIC_EnableIRQ
 .text.HAL_SYSTICK_Config
                0x08001fd2       0x18 ./Drivers/STM32L4xx_HAL_Driver/Src/stm32l4xx_hal_cortex.o
                0x08001fd2                HAL_SYSTICK_Config
 *fill*         0x08001fea        0x2 
 .text.HAL_DMA_Init
                0x08001fec      0x170 ./Drivers/STM32L4xx_HAL_Driver/Src/stm32l4xx_hal_dma.o
                0x08001fec                HAL_DMA_Init
 .text.HAL_DMA_IRQHandler
                0x0800215c      0x15e ./Drivers/STM32L4xx_HAL_Driver/Src/stm32l4xx_hal_dma.o
                0x0800215c                HAL_DMA_IRQHandler
 *fill*         0x080022ba        0x2 
 .text.HAL_GPIO_Init
                0x080022bc      0x2f4 ./Drivers/STM32L4xx_HAL_Driver/Src/stm32l4xx_hal_gpio.o
                0x080022bc                HAL_GPIO_Init
 .text.HAL_GPIO_WritePin
                0x080025b0       0x30 ./Drivers/STM32L4xx_HAL_Driver/Src/stm32l4xx_hal_gpio.o
                0x080025b0                HAL_GPIO_WritePin
 .text.HAL_I2C_Init
                0x080025e0      0x136 ./Drivers/STM32L4xx_HAL_Driver/Src/stm32l4xx_hal_i2c.o
                0x080025e0                HAL_I2C_Init
 *fill*         0x08002716        0x2 
 .text.HAL_I2C_Master_Transmit
                0x08002718      0x230 ./Drivers/STM32L4xx_HAL_Driver/Src/stm32l4xx_hal_i2c.o
                0x08002718                HAL_I2C_Master_Transmit
 .text.I2C_Flush_TXDR
                0x08002948       0x48 ./Drivers/STM32L4xx_HAL_Driver/Src/stm32l4xx_hal_i2c.o
 .text.I2C_WaitOnFlagUntilTimeout
                0x08002990       0xb2 ./Drivers/STM32L4xx_HAL_Driver/Src/stm32l4xx_hal_i2c.o
 .text.I2C_WaitOnTXISFlagUntilTimeout
                0x08002a42       0x8e ./Drivers/STM32L4xx_HAL_Driver/Src/stm32l4xx_hal_i2c.o
 .text.I2C_WaitOnSTOPFlagUntilTimeout
                0x08002ad0       0x86 ./Drivers/STM32L4xx_HAL_Driver/Src/stm32l4xx_hal_i2c.o
 *fill*         0x08002b56        0x2 
 .text.I2C_IsErrorOccurred
                0x08002b58      0x1c0 ./Drivers/STM32L4xx_HAL_Driver/Src/stm32l4xx_hal_i2c.o
 .text.I2C_TransferConfig
                0x08002d18       0x64 ./Drivers/STM32L4xx_HAL_Driver/Src/stm32l4xx_hal_i2c.o
 .text.HAL_I2CEx_ConfigAnalogFilter
                0x08002d7c       0x96 ./Drivers/STM32L4xx_HAL_Driver/Src/stm32l4xx_hal_i2c_ex.o
                0x08002d7c                HAL_I2CEx_ConfigAnalogFilter
 .text.HAL_I2CEx_ConfigDigitalFilter
                0x08002e12       0x98 ./Drivers/STM32L4xx_HAL_Driver/Src/stm32l4xx_hal_i2c_ex.o
                0x08002e12                HAL_I2CEx_ConfigDigitalFilter
 *fill*         0x08002eaa        0x2 
 .text.HAL_PWREx_GetVoltageRange
                0x08002eac       0x1c ./Drivers/STM32L4xx_HAL_Driver/Src/stm32l4xx_hal_pwr_ex.o
                0x08002eac                HAL_PWREx_GetVoltageRange
 .text.HAL_PWREx_ControlVoltageScaling
                0x08002ec8       0xac ./Drivers/STM32L4xx_HAL_Driver/Src/stm32l4xx_hal_pwr_ex.o
                0x08002ec8                HAL_PWREx_ControlVoltageScaling
 .text.HAL_RCC_OscConfig
                0x08002f74      0x828 ./Drivers/STM32L4xx_HAL_Driver/Src/stm32l4xx_hal_rcc.o
                0x08002f74                HAL_RCC_OscConfig
 .text.HAL_RCC_ClockConfig
                0x0800379c      0x200 ./Drivers/STM32L4xx_HAL_Driver/Src/stm32l4xx_hal_rcc.o
                0x0800379c                HAL_RCC_ClockConfig
 .text.HAL_RCC_GetSysClockFreq
                0x0800399c      0x118 ./Drivers/STM32L4xx_HAL_Driver/Src/stm32l4xx_hal_rcc.o
                0x0800399c                HAL_RCC_GetSysClockFreq
 .text.HAL_RCC_GetHCLKFreq
                0x08003ab4       0x18 ./Drivers/STM32L4xx_HAL_Driver/Src/stm32l4xx_hal_rcc.o
                0x08003ab4                HAL_RCC_GetHCLKFreq
 .text.HAL_RCC_GetPCLK1Freq
                0x08003acc       0x2c ./Drivers/STM32L4xx_HAL_Driver/Src/stm32l4xx_hal_rcc.o
                0x08003acc                HAL_RCC_GetPCLK1Freq
 .text.HAL_RCC_GetPCLK2Freq
                0x08003af8       0x2c ./Drivers/STM32L4xx_HAL_Driver/Src/stm32l4xx_hal_rcc.o
                0x08003af8                HAL_RCC_GetPCLK2Freq
 .text.RCC_SetFlashLatencyFromMSIRange
                0x08003b24       0xc0 ./Drivers/STM32L4xx_HAL_Driver/Src/stm32l4xx_hal_rcc.o
 .text.HAL_RCCEx_PeriphCLKConfig
                0x08003be4      0x494 ./Drivers/STM32L4xx_HAL_Driver/Src/stm32l4xx_hal_rcc_ex.o
                0x08003be4                HAL_RCCEx_PeriphCLKConfig
 .text.RCCEx_PLLSAI1_Config
                0x08004078      0x1e4 ./Drivers/STM32L4xx_HAL_Driver/Src/stm32l4xx_hal_rcc_ex.o
 .text.HAL_SPI_Init
                0x0800425c      0x146 ./Drivers/STM32L4xx_HAL_Driver/Src/stm32l4xx_hal_spi.o
                0x0800425c                HAL_SPI_Init
 .text.HAL_TIM_Base_Init
                0x080043a2       0xae ./Drivers/STM32L4xx_HAL_Driver/Src/stm32l4xx_hal_tim.o
                0x080043a2                HAL_TIM_Base_Init
 .text.HAL_TIM_PWM_Init
                0x08004450       0xae ./Drivers/STM32L4xx_HAL_Driver/Src/stm32l4xx_hal_tim.o
                0x08004450                HAL_TIM_PWM_Init
 .text.HAL_TIM_PWM_MspInit
                0x080044fe       0x14 ./Drivers/STM32L4xx_HAL_Driver/Src/stm32l4xx_hal_tim.o
                0x080044fe                HAL_TIM_PWM_MspInit
 *fill*         0x08004512        0x2 
 .text.HAL_TIM_PWM_ConfigChannel
                0x08004514      0x228 ./Drivers/STM32L4xx_HAL_Driver/Src/stm32l4xx_hal_tim.o
                0x08004514                HAL_TIM_PWM_ConfigChannel
 .text.HAL_TIM_ConfigClockSource
                0x0800473c      0x192 ./Drivers/STM32L4xx_HAL_Driver/Src/stm32l4xx_hal_tim.o
                0x0800473c                HAL_TIM_ConfigClockSource
 *fill*         0x080048ce        0x2 
 .text.TIM_Base_SetConfig
                0x080048d0       0xe0 ./Drivers/STM32L4xx_HAL_Driver/Src/stm32l4xx_hal_tim.o
                0x080048d0                TIM_Base_SetConfig
 .text.TIM_OC1_SetConfig
                0x080049b0       0xf8 ./Drivers/STM32L4xx_HAL_Driver/Src/stm32l4xx_hal_tim.o
 .text.TIM_OC2_SetConfig
                0x08004aa8       0xf4 ./Drivers/STM32L4xx_HAL_Driver/Src/stm32l4xx_hal_tim.o
                0x08004aa8                TIM_OC2_SetConfig
 .text.TIM_OC3_SetConfig
                0x08004b9c       0xf0 ./Drivers/STM32L4xx_HAL_Driver/Src/stm32l4xx_hal_tim.o
 .text.TIM_OC4_SetConfig
                0x08004c8c       0xbc ./Drivers/STM32L4xx_HAL_Driver/Src/stm32l4xx_hal_tim.o
 .text.TIM_OC5_SetConfig
                0x08004d48       0xb0 ./Drivers/STM32L4xx_HAL_Driver/Src/stm32l4xx_hal_tim.o
 .text.TIM_OC6_SetConfig
                0x08004df8       0xb4 ./Drivers/STM32L4xx_HAL_Driver/Src/stm32l4xx_hal_tim.o
 .text.TIM_TI1_ConfigInputStage
                0x08004eac       0x5e ./Drivers/STM32L4xx_HAL_Driver/Src/stm32l4xx_hal_tim.o
 .text.TIM_TI2_ConfigInputStage
                0x08004f0a       0x60 ./Drivers/STM32L4xx_HAL_Driver/Src/stm32l4xx_hal_tim.o
 .text.TIM_ITRx_SetConfig
                0x08004f6a       0x36 ./Drivers/STM32L4xx_HAL_Driver/Src/stm32l4xx_hal_tim.o
 .text.TIM_ETR_SetConfig
                0x08004fa0       0x40 ./Drivers/STM32L4xx_HAL_Driver/Src/stm32l4xx_hal_tim.o
                0x08004fa0                TIM_ETR_SetConfig
 .text.HAL_TIMEx_MasterConfigSynchronization
                0x08004fe0       0xcc ./Drivers/STM32L4xx_HAL_Driver/Src/stm32l4xx_hal_tim_ex.o
                0x08004fe0                HAL_TIMEx_MasterConfigSynchronization
 .text.HAL_UART_Init
                0x080050ac       0x9c ./Drivers/STM32L4xx_HAL_Driver/Src/stm32l4xx_hal_uart.o
                0x080050ac                HAL_UART_Init
 .text.HAL_UART_Transmit
                0x08005148      0x112 ./Drivers/STM32L4xx_HAL_Driver/Src/stm32l4xx_hal_uart.o
                0x08005148                HAL_UART_Transmit
 *fill*         0x0800525a        0x2 
 .text.UART_SetConfig
                0x0800525c      0x4b4 ./Drivers/STM32L4xx_HAL_Driver/Src/stm32l4xx_hal_uart.o
                0x0800525c                UART_SetConfig
 .text.UART_AdvFeatureConfig
                0x08005710      0x144 ./Drivers/STM32L4xx_HAL_Driver/Src/stm32l4xx_hal_uart.o
                0x08005710                UART_AdvFeatureConfig
 .text.UART_CheckIdleState
                0x08005854      0x150 ./Drivers/STM32L4xx_HAL_Driver/Src/stm32l4xx_hal_uart.o
                0x08005854                UART_CheckIdleState
 .text.UART_WaitOnFlagUntilTimeout
                0x080059a4       0xda ./Drivers/STM32L4xx_HAL_Driver/Src/stm32l4xx_hal_uart.o
                0x080059a4                UART_WaitOnFlagUntilTimeout
 .text.UART_EndRxTransfer
                0x08005a7e       0xc8 ./Drivers/STM32L4xx_HAL_Driver/Src/stm32l4xx_hal_uart.o
 *fill*         0x08005b46        0x2 
 .text.MX_FATFS_Init
                0x08005b48       0x24 ./FATFS/App/fatfs.o
                0x08005b48                MX_FATFS_Init
 .text.get_fattime
                0x08005b6c       0x10 ./FATFS/App/fatfs.o
                0x08005b6c                get_fattime
 .text.USER_initialize
                0x08005b7c       0x28 ./FATFS/Target/user_diskio.o
                0x08005b7c                USER_initialize
 .text.USER_status
                0x08005ba4       0x28 ./FATFS/Target/user_diskio.o
                0x08005ba4                USER_status
 .text.USER_read
                0x08005bcc       0x1e ./FATFS/Target/user_diskio.o
                0x08005bcc                USER_read
 .text.USER_write
                0x08005bea       0x1e ./FATFS/Target/user_diskio.o
                0x08005bea                USER_write
 .text.USER_ioctl
                0x08005c08       0x22 ./FATFS/Target/user_diskio.o
                0x08005c08                USER_ioctl
 *fill*         0x08005c2a        0x2 
 .text.disk_status
                0x08005c2c       0x34 ./Middlewares/Third_Party/FatFs/src/diskio.o
                0x08005c2c                disk_status
 .text.disk_initialize
                0x08005c60       0x4c ./Middlewares/Third_Party/FatFs/src/diskio.o
                0x08005c60                disk_initialize
 .text.disk_read
                0x08005cac       0x40 ./Middlewares/Third_Party/FatFs/src/diskio.o
                0x08005cac                disk_read
 .text.disk_write
                0x08005cec       0x40 ./Middlewares/Third_Party/FatFs/src/diskio.o
                0x08005cec                disk_write
 .text.disk_ioctl
                0x08005d2c       0x3c ./Middlewares/Third_Party/FatFs/src/diskio.o
                0x08005d2c                disk_ioctl
 .text.ld_word  0x08005d68       0x32 ./Middlewares/Third_Party/FatFs/src/ff.o
 .text.ld_dword
                0x08005d9a       0x46 ./Middlewares/Third_Party/FatFs/src/ff.o
 .text.st_word  0x08005de0       0x36 ./Middlewares/Third_Party/FatFs/src/ff.o
 .text.st_dword
                0x08005e16       0x58 ./Middlewares/Third_Party/FatFs/src/ff.o
 .text.mem_cpy  0x08005e6e       0x42 ./Middlewares/Third_Party/FatFs/src/ff.o
 .text.mem_set  0x08005eb0       0x36 ./Middlewares/Third_Party/FatFs/src/ff.o
 .text.mem_cmp  0x08005ee6       0x4e ./Middlewares/Third_Party/FatFs/src/ff.o
 .text.chk_chr  0x08005f34       0x36 ./Middlewares/Third_Party/FatFs/src/ff.o
 *fill*         0x08005f6a        0x2 
 .text.chk_lock
                0x08005f6c       0xb8 ./Middlewares/Third_Party/FatFs/src/ff.o
 .text.enq_lock
                0x08006024       0x44 ./Middlewares/Third_Party/FatFs/src/ff.o
 .text.inc_lock
                0x08006068      0x11c ./Middlewares/Third_Party/FatFs/src/ff.o
 .text.dec_lock
                0x08006184       0x78 ./Middlewares/Third_Party/FatFs/src/ff.o
 .text.clear_lock
                0x080061fc       0x48 ./Middlewares/Third_Party/FatFs/src/ff.o
 .text.sync_window
                0x08006244       0x88 ./Middlewares/Third_Party/FatFs/src/ff.o
 .text.move_window
                0x080062cc       0x5a ./Middlewares/Third_Party/FatFs/src/ff.o
 *fill*         0x08006326        0x2 
 .text.sync_fs  0x08006328       0xdc ./Middlewares/Third_Party/FatFs/src/ff.o
 .text.clust2sect
                0x08006404       0x3e ./Middlewares/Third_Party/FatFs/src/ff.o
 .text.get_fat  0x08006442      0x14e ./Middlewares/Third_Party/FatFs/src/ff.o
 .text.put_fat  0x08006590      0x1d4 ./Middlewares/Third_Party/FatFs/src/ff.o
 .text.remove_chain
                0x08006764       0xca ./Middlewares/Third_Party/FatFs/src/ff.o
 .text.create_chain
                0x0800682e      0x130 ./Middlewares/Third_Party/FatFs/src/ff.o
 .text.clmt_clust
                0x0800695e       0x68 ./Middlewares/Third_Party/FatFs/src/ff.o
 .text.dir_sdi  0x080069c6       0xf6 ./Middlewares/Third_Party/FatFs/src/ff.o
 .text.dir_next
                0x08006abc      0x18a ./Middlewares/Third_Party/FatFs/src/ff.o
 .text.dir_alloc
                0x08006c46       0x8e ./Middlewares/Third_Party/FatFs/src/ff.o
 .text.ld_clust
                0x08006cd4       0x3e ./Middlewares/Third_Party/FatFs/src/ff.o
 .text.st_clust
                0x08006d12       0x40 ./Middlewares/Third_Party/FatFs/src/ff.o
 .text.dir_read
                0x08006d52       0xba ./Middlewares/Third_Party/FatFs/src/ff.o
 .text.dir_find
                0x08006e0c       0xaa ./Middlewares/Third_Party/FatFs/src/ff.o
 .text.dir_register
                0x08006eb6       0x64 ./Middlewares/Third_Party/FatFs/src/ff.o
 .text.get_fileinfo
                0x08006f1a       0xc0 ./Middlewares/Third_Party/FatFs/src/ff.o
 *fill*         0x08006fda        0x2 
 .text.create_name
                0x08006fdc      0x128 ./Middlewares/Third_Party/FatFs/src/ff.o
 .text.follow_path
                0x08007104       0xe2 ./Middlewares/Third_Party/FatFs/src/ff.o
 .text.get_ldnumber
                0x080071e6       0x88 ./Middlewares/Third_Party/FatFs/src/ff.o
 *fill*         0x0800726e        0x2 
 .text.check_fs
                0x08007270       0xac ./Middlewares/Third_Party/FatFs/src/ff.o
 .text.find_volume
                0x0800731c      0x498 ./Middlewares/Third_Party/FatFs/src/ff.o
 .text.validate
                0x080077b4       0x6a ./Middlewares/Third_Party/FatFs/src/ff.o
 *fill*         0x0800781e        0x2 
 .text.f_mount  0x08007820       0x8c ./Middlewares/Third_Party/FatFs/src/ff.o
                0x08007820                f_mount
 .text.f_open   0x080078ac      0x374 ./Middlewares/Third_Party/FatFs/src/ff.o
                0x080078ac                f_open
 .text.f_read   0x08007c20      0x27e ./Middlewares/Third_Party/FatFs/src/ff.o
                0x08007c20                f_read
 .text.f_sync   0x08007e9e       0xfc ./Middlewares/Third_Party/FatFs/src/ff.o
                0x08007e9e                f_sync
 .text.f_close  0x08007f9a       0x54 ./Middlewares/Third_Party/FatFs/src/ff.o
                0x08007f9a                f_close
 .text.f_lseek  0x08007fee      0x412 ./Middlewares/Third_Party/FatFs/src/ff.o
                0x08007fee                f_lseek
 .text.f_opendir
                0x08008400       0xe6 ./Middlewares/Third_Party/FatFs/src/ff.o
                0x08008400                f_opendir
 .text.f_closedir
                0x080084e6       0x4c ./Middlewares/Third_Party/FatFs/src/ff.o
                0x080084e6                f_closedir
 .text.f_readdir
                0x08008532       0x7a ./Middlewares/Third_Party/FatFs/src/ff.o
                0x08008532                f_readdir
 .text.f_gets   0x080085ac       0x7c ./Middlewares/Third_Party/FatFs/src/ff.o
                0x080085ac                f_gets
 .text.FATFS_LinkDriverEx
                0x08008628       0x98 ./Middlewares/Third_Party/FatFs/src/ff_gen_drv.o
                0x08008628                FATFS_LinkDriverEx
 .text.FATFS_LinkDriver
                0x080086c0       0x1e ./Middlewares/Third_Party/FatFs/src/ff_gen_drv.o
                0x080086c0                FATFS_LinkDriver
 .text.atoi     0x080086de        0x8 /home/jesse/st/stm32cubeide_1.19.0/plugins/com.st.stm32cube.ide.mcu.externaltools.gnu-tools-for-stm32.13.3.rel1.linux64_1.0.0.202410170706/tools/bin/../lib/gcc/arm-none-eabi/13.3.1/../../../../arm-none-eabi/lib/thumb/v7e-m+fp/hard/libc_nano.a(libc_a-atoi.o)
                0x080086de                atoi
 *fill*         0x080086e6        0x2 
 .text._strtol_l.isra.0
                0x080086e8       0xf4 /home/jesse/st/stm32cubeide_1.19.0/plugins/com.st.stm32cube.ide.mcu.externaltools.gnu-tools-for-stm32.13.3.rel1.linux64_1.0.0.202410170706/tools/bin/../lib/gcc/arm-none-eabi/13.3.1/../../../../arm-none-eabi/lib/thumb/v7e-m+fp/hard/libc_nano.a(libc_a-strtol.o)
 .text.strtol   0x080087dc       0x14 /home/jesse/st/stm32cubeide_1.19.0/plugins/com.st.stm32cube.ide.mcu.externaltools.gnu-tools-for-stm32.13.3.rel1.linux64_1.0.0.202410170706/tools/bin/../lib/gcc/arm-none-eabi/13.3.1/../../../../arm-none-eabi/lib/thumb/v7e-m+fp/hard/libc_nano.a(libc_a-strtol.o)
                0x080087dc                strtol
 .text._vsnprintf_r
                0x080087f0       0x5c /home/jesse/st/stm32cubeide_1.19.0/plugins/com.st.stm32cube.ide.mcu.externaltools.gnu-tools-for-stm32.13.3.rel1.linux64_1.0.0.202410170706/tools/bin/../lib/gcc/arm-none-eabi/13.3.1/../../../../arm-none-eabi/lib/thumb/v7e-m+fp/hard/libc_nano.a(libc_a-vsnprintf.o)
                0x080087f0                _vsnprintf_r
                0x080087f0                _vsniprintf_r
 .text.vsnprintf
                0x0800884c       0x1c /home/jesse/st/stm32cubeide_1.19.0/plugins/com.st.stm32cube.ide.mcu.externaltools.gnu-tools-for-stm32.13.3.rel1.linux64_1.0.0.202410170706/tools/bin/../lib/gcc/arm-none-eabi/13.3.1/../../../../arm-none-eabi/lib/thumb/v7e-m+fp/hard/libc_nano.a(libc_a-vsnprintf.o)
                0x0800884c                vsnprintf
                0x0800884c                vsniprintf
 .text.memcmp   0x08008868       0x20 /home/jesse/st/stm32cubeide_1.19.0/plugins/com.st.stm32cube.ide.mcu.externaltools.gnu-tools-for-stm32.13.3.rel1.linux64_1.0.0.202410170706/tools/bin/../lib/gcc/arm-none-eabi/13.3.1/../../../../arm-none-eabi/lib/thumb/v7e-m+fp/hard/libc_nano.a(libc_a-memcmp.o)
                0x08008868                memcmp
 .text.memmove  0x08008888       0x34 /home/jesse/st/stm32cubeide_1.19.0/plugins/com.st.stm32cube.ide.mcu.externaltools.gnu-tools-for-stm32.13.3.rel1.linux64_1.0.0.202410170706/tools/bin/../lib/gcc/arm-none-eabi/13.3.1/../../../../arm-none-eabi/lib/thumb/v7e-m+fp/hard/libc_nano.a(libc_a-memmove.o)
                0x08008888                memmove
 .text.memset   0x080088bc       0x10 /home/jesse/st/stm32cubeide_1.19.0/plugins/com.st.stm32cube.ide.mcu.externaltools.gnu-tools-for-stm32.13.3.rel1.linux64_1.0.0.202410170706/tools/bin/../lib/gcc/arm-none-eabi/13.3.1/../../../../arm-none-eabi/lib/thumb/v7e-m+fp/hard/libc_nano.a(libc_a-memset.o)
                0x080088bc                memset
 .text.strncat  0x080088cc       0x26 /home/jesse/st/stm32cubeide_1.19.0/plugins/com.st.stm32cube.ide.mcu.externaltools.gnu-tools-for-stm32.13.3.rel1.linux64_1.0.0.202410170706/tools/bin/../lib/gcc/arm-none-eabi/13.3.1/../../../../arm-none-eabi/lib/thumb/v7e-m+fp/hard/libc_nano.a(libc_a-strncat.o)
                0x080088cc                strncat
 .text.strncmp  0x080088f2       0x24 /home/jesse/st/stm32cubeide_1.19.0/plugins/com.st.stm32cube.ide.mcu.externaltools.gnu-tools-for-stm32.13.3.rel1.linux64_1.0.0.202410170706/tools/bin/../lib/gcc/arm-none-eabi/13.3.1/../../../../arm-none-eabi/lib/thumb/v7e-m+fp/hard/libc_nano.a(libc_a-strncmp.o)
                0x080088f2                strncmp
 .text.strncpy  0x08008916       0x26 /home/jesse/st/stm32cubeide_1.19.0/plugins/com.st.stm32cube.ide.mcu.externaltools.gnu-tools-for-stm32.13.3.rel1.linux64_1.0.0.202410170706/tools/bin/../lib/gcc/arm-none-eabi/13.3.1/../../../../arm-none-eabi/lib/thumb/v7e-m+fp/hard/libc_nano.a(libc_a-strncpy.o)
                0x08008916                strncpy
 .text.__errno  0x0800893c        0xc /home/jesse/st/stm32cubeide_1.19.0/plugins/com.st.stm32cube.ide.mcu.externaltools.gnu-tools-for-stm32.13.3.rel1.linux64_1.0.0.202410170706/tools/bin/../lib/gcc/arm-none-eabi/13.3.1/../../../../arm-none-eabi/lib/thumb/v7e-m+fp/hard/libc_nano.a(libc_a-errno.o)
                0x0800893c                __errno
 .text.__libc_init_array
                0x08008948       0x48 /home/jesse/st/stm32cubeide_1.19.0/plugins/com.st.stm32cube.ide.mcu.externaltools.gnu-tools-for-stm32.13.3.rel1.linux64_1.0.0.202410170706/tools/bin/../lib/gcc/arm-none-eabi/13.3.1/../../../../arm-none-eabi/lib/thumb/v7e-m+fp/hard/libc_nano.a(libc_a-init.o)
                0x08008948                __libc_init_array
 .text.__retarget_lock_acquire_recursive
                0x08008990        0x2 /home/jesse/st/stm32cubeide_1.19.0/plugins/com.st.stm32cube.ide.mcu.externaltools.gnu-tools-for-stm32.13.3.rel1.linux64_1.0.0.202410170706/tools/bin/../lib/gcc/arm-none-eabi/13.3.1/../../../../arm-none-eabi/lib/thumb/v7e-m+fp/hard/libc_nano.a(libc_a-lock.o)
                0x08008990                __retarget_lock_acquire_recursive
 .text.__retarget_lock_release_recursive
                0x08008992        0x2 /home/jesse/st/stm32cubeide_1.19.0/plugins/com.st.stm32cube.ide.mcu.externaltools.gnu-tools-for-stm32.13.3.rel1.linux64_1.0.0.202410170706/tools/bin/../lib/gcc/arm-none-eabi/13.3.1/../../../../arm-none-eabi/lib/thumb/v7e-m+fp/hard/libc_nano.a(libc_a-lock.o)
                0x08008992                __retarget_lock_release_recursive
 .text.strcpy   0x08008994       0x10 /home/jesse/st/stm32cubeide_1.19.0/plugins/com.st.stm32cube.ide.mcu.externaltools.gnu-tools-for-stm32.13.3.rel1.linux64_1.0.0.202410170706/tools/bin/../lib/gcc/arm-none-eabi/13.3.1/../../../../arm-none-eabi/lib/thumb/v7e-m+fp/hard/libc_nano.a(libc_a-strcpy.o)
                0x08008994                strcpy
 .text.memcpy   0x080089a4       0x1c /home/jesse/st/stm32cubeide_1.19.0/plugins/com.st.stm32cube.ide.mcu.externaltools.gnu-tools-for-stm32.13.3.rel1.linux64_1.0.0.202410170706/tools/bin/../lib/gcc/arm-none-eabi/13.3.1/../../../../arm-none-eabi/lib/thumb/v7e-m+fp/hard/libc_nano.a(libc_a-memcpy-stub.o)
                0x080089a4                memcpy
 .text._free_r  0x080089c0       0x94 /home/jesse/st/stm32cubeide_1.19.0/plugins/com.st.stm32cube.ide.mcu.externaltools.gnu-tools-for-stm32.13.3.rel1.linux64_1.0.0.202410170706/tools/bin/../lib/gcc/arm-none-eabi/13.3.1/../../../../arm-none-eabi/lib/thumb/v7e-m+fp/hard/libc_nano.a(libc_a-freer.o)
                0x080089c0                _free_r
 .text.sbrk_aligned
                0x08008a54       0x44 /home/jesse/st/stm32cubeide_1.19.0/plugins/com.st.stm32cube.ide.mcu.externaltools.gnu-tools-for-stm32.13.3.rel1.linux64_1.0.0.202410170706/tools/bin/../lib/gcc/arm-none-eabi/13.3.1/../../../../arm-none-eabi/lib/thumb/v7e-m+fp/hard/libc_nano.a(libc_a-mallocr.o)
 .text._malloc_r
                0x08008a98      0x100 /home/jesse/st/stm32cubeide_1.19.0/plugins/com.st.stm32cube.ide.mcu.externaltools.gnu-tools-for-stm32.13.3.rel1.linux64_1.0.0.202410170706/tools/bin/../lib/gcc/arm-none-eabi/13.3.1/../../../../arm-none-eabi/lib/thumb/v7e-m+fp/hard/libc_nano.a(libc_a-mallocr.o)
                0x08008a98                _malloc_r
 .text.__malloc_lock
                0x08008b98        0xc /home/jesse/st/stm32cubeide_1.19.0/plugins/com.st.stm32cube.ide.mcu.externaltools.gnu-tools-for-stm32.13.3.rel1.linux64_1.0.0.202410170706/tools/bin/../lib/gcc/arm-none-eabi/13.3.1/../../../../arm-none-eabi/lib/thumb/v7e-m+fp/hard/libc_nano.a(libc_a-mlock.o)
                0x08008b98                __malloc_lock
 .text.__malloc_unlock
                0x08008ba4        0xc /home/jesse/st/stm32cubeide_1.19.0/plugins/com.st.stm32cube.ide.mcu.externaltools.gnu-tools-for-stm32.13.3.rel1.linux64_1.0.0.202410170706/tools/bin/../lib/gcc/arm-none-eabi/13.3.1/../../../../arm-none-eabi/lib/thumb/v7e-m+fp/hard/libc_nano.a(libc_a-mlock.o)
                0x08008ba4                __malloc_unlock
 .text.__ssputs_r
                0x08008bb0       0xb6 /home/jesse/st/stm32cubeide_1.19.0/plugins/com.st.stm32cube.ide.mcu.externaltools.gnu-tools-for-stm32.13.3.rel1.linux64_1.0.0.202410170706/tools/bin/../lib/gcc/arm-none-eabi/13.3.1/../../../../arm-none-eabi/lib/thumb/v7e-m+fp/hard/libc_nano.a(libc_a-nano-svfprintf.o)
                0x08008bb0                __ssputs_r
 *fill*         0x08008c66        0x2 
 .text._svfprintf_r
                0x08008c68      0x1f8 /home/jesse/st/stm32cubeide_1.19.0/plugins/com.st.stm32cube.ide.mcu.externaltools.gnu-tools-for-stm32.13.3.rel1.linux64_1.0.0.202410170706/tools/bin/../lib/gcc/arm-none-eabi/13.3.1/../../../../arm-none-eabi/lib/thumb/v7e-m+fp/hard/libc_nano.a(libc_a-nano-svfprintf.o)
                0x08008c68                _svfprintf_r
                0x08008c68                _svfiprintf_r
 .text._printf_common
                0x08008e60       0xda /home/jesse/st/stm32cubeide_1.19.0/plugins/com.st.stm32cube.ide.mcu.externaltools.gnu-tools-for-stm32.13.3.rel1.linux64_1.0.0.202410170706/tools/bin/../lib/gcc/arm-none-eabi/13.3.1/../../../../arm-none-eabi/lib/thumb/v7e-m+fp/hard/libc_nano.a(libc_a-nano-vfprintf_i.o)
                0x08008e60                _printf_common
 *fill*         0x08008f3a        0x2 
 .text._printf_i
                0x08008f3c      0x23c /home/jesse/st/stm32cubeide_1.19.0/plugins/com.st.stm32cube.ide.mcu.externaltools.gnu-tools-for-stm32.13.3.rel1.linux64_1.0.0.202410170706/tools/bin/../lib/gcc/arm-none-eabi/13.3.1/../../../../arm-none-eabi/lib/thumb/v7e-m+fp/hard/libc_nano.a(libc_a-nano-vfprintf_i.o)
                0x08008f3c                _printf_i
 .text._sbrk_r  0x08009178       0x20 /home/jesse/st/stm32cubeide_1.19.0/plugins/com.st.stm32cube.ide.mcu.externaltools.gnu-tools-for-stm32.13.3.rel1.linux64_1.0.0.202410170706/tools/bin/../lib/gcc/arm-none-eabi/13.3.1/../../../../arm-none-eabi/lib/thumb/v7e-m+fp/hard/libc_nano.a(libc_a-sbrkr.o)
                0x08009178                _sbrk_r
 .text._realloc_r
                0x08009198       0x5c /home/jesse/st/stm32cubeide_1.19.0/plugins/com.st.stm32cube.ide.mcu.externaltools.gnu-tools-for-stm32.13.3.rel1.linux64_1.0.0.202410170706/tools/bin/../lib/gcc/arm-none-eabi/13.3.1/../../../../arm-none-eabi/lib/thumb/v7e-m+fp/hard/libc_nano.a(libc_a-reallocr.o)
                0x08009198                _realloc_r
 .text._malloc_usable_size_r
                0x080091f4       0x10 /home/jesse/st/stm32cubeide_1.19.0/plugins/com.st.stm32cube.ide.mcu.externaltools.gnu-tools-for-stm32.13.3.rel1.linux64_1.0.0.202410170706/tools/bin/../lib/gcc/arm-none-eabi/13.3.1/../../../../arm-none-eabi/lib/thumb/v7e-m+fp/hard/libc_nano.a(libc_a-msizer.o)
                0x080091f4                _malloc_usable_size_r
 *(.glue_7)
 .glue_7        0x08009204        0x0 linker stubs
 *(.glue_7t)
 .glue_7t       0x08009204        0x0 linker stubs
 *(.eh_frame)
 .eh_frame      0x08009204        0x0 /home/jesse/st/stm32cubeide_1.19.0/plugins/com.st.stm32cube.ide.mcu.externaltools.gnu-tools-for-stm32.13.3.rel1.linux64_1.0.0.202410170706/tools/bin/../lib/gcc/arm-none-eabi/13.3.1/thumb/v7e-m+fp/hard/crtbegin.o
 *(.init)
 .init          0x08009204        0x4 /home/jesse/st/stm32cubeide_1.19.0/plugins/com.st.stm32cube.ide.mcu.externaltools.gnu-tools-for-stm32.13.3.rel1.linux64_1.0.0.202410170706/tools/bin/../lib/gcc/arm-none-eabi/13.3.1/thumb/v7e-m+fp/hard/crti.o
                0x08009204                _init
 .init          0x08009208        0x8 /home/jesse/st/stm32cubeide_1.19.0/plugins/com.st.stm32cube.ide.mcu.externaltools.gnu-tools-for-stm32.13.3.rel1.linux64_1.0.0.202410170706/tools/bin/../lib/gcc/arm-none-eabi/13.3.1/thumb/v7e-m+fp/hard/crtn.o
 *(.fini)
 .fini          0x08009210        0x4 /home/jesse/st/stm32cubeide_1.19.0/plugins/com.st.stm32cube.ide.mcu.externaltools.gnu-tools-for-stm32.13.3.rel1.linux64_1.0.0.202410170706/tools/bin/../lib/gcc/arm-none-eabi/13.3.1/thumb/v7e-m+fp/hard/crti.o
                0x08009210                _fini
 .fini          0x08009214        0x8 /home/jesse/st/stm32cubeide_1.19.0/plugins/com.st.stm32cube.ide.mcu.externaltools.gnu-tools-for-stm32.13.3.rel1.linux64_1.0.0.202410170706/tools/bin/../lib/gcc/arm-none-eabi/13.3.1/thumb/v7e-m+fp/hard/crtn.o
                0x0800921c                        . = ALIGN (0x4)
                0x0800921c                        _etext = .

.vfp11_veneer   0x0800921c        0x0
 .vfp11_veneer  0x0800921c        0x0 linker stubs

.v4_bx          0x0800921c        0x0
 .v4_bx         0x0800921c        0x0 linker stubs

.iplt           0x0800921c        0x0
 .iplt          0x0800921c        0x0 /home/jesse/st/stm32cubeide_1.19.0/plugins/com.st.stm32cube.ide.mcu.externaltools.gnu-tools-for-stm32.13.3.rel1.linux64_1.0.0.202410170706/tools/bin/../lib/gcc/arm-none-eabi/13.3.1/thumb/v7e-m+fp/hard/crtbegin.o

.rodata         0x0800921c      0x430
                0x0800921c                        . = ALIGN (0x4)
 *(.rodata)
 .rodata        0x0800921c      0x1f0 ./Core/Src/main.o
 .rodata        0x0800940c       0x44 ./Middlewares/Third_Party/FatFs/src/ff.o
 *(.rodata*)
 .rodata.AHBPrescTable
                0x08009450       0x10 ./Core/Src/system_stm32l4xx.o
                0x08009450                AHBPrescTable
 .rodata.APBPrescTable
                0x08009460        0x8 ./Core/Src/system_stm32l4xx.o
                0x08009460                APBPrescTable
 .rodata.MSIRangeTable
                0x08009468       0x30 ./Core/Src/system_stm32l4xx.o
                0x08009468                MSIRangeTable
 .rodata.ExCvt  0x08009498       0x80 ./Middlewares/Third_Party/FatFs/src/ff.o
 .rodata._ctype_
                0x08009518      0x101 /home/jesse/st/stm32cubeide_1.19.0/plugins/com.st.stm32cube.ide.mcu.externaltools.gnu-tools-for-stm32.13.3.rel1.linux64_1.0.0.202410170706/tools/bin/../lib/gcc/arm-none-eabi/13.3.1/../../../../arm-none-eabi/lib/thumb/v7e-m+fp/hard/libc_nano.a(libc_a-ctype_.o)
                0x08009518                _ctype_
 .rodata._svfprintf_r.str1.1
                0x08009619       0x33 /home/jesse/st/stm32cubeide_1.19.0/plugins/com.st.stm32cube.ide.mcu.externaltools.gnu-tools-for-stm32.13.3.rel1.linux64_1.0.0.202410170706/tools/bin/../lib/gcc/arm-none-eabi/13.3.1/../../../../arm-none-eabi/lib/thumb/v7e-m+fp/hard/libc_nano.a(libc_a-nano-svfprintf.o)
                                 0x11 (size before relaxing)
 .rodata._printf_i.str1.1
                0x0800964c       0x22 /home/jesse/st/stm32cubeide_1.19.0/plugins/com.st.stm32cube.ide.mcu.externaltools.gnu-tools-for-stm32.13.3.rel1.linux64_1.0.0.202410170706/tools/bin/../lib/gcc/arm-none-eabi/13.3.1/../../../../arm-none-eabi/lib/thumb/v7e-m+fp/hard/libc_nano.a(libc_a-nano-vfprintf_i.o)
                0x08009670                        . = ALIGN (0x4)

.ARM.extab      0x0800964c        0x0
                0x0800964c                        . = ALIGN (0x4)
 *(.ARM.extab* .gnu.linkonce.armextab.*)
                0x0800964c                        . = ALIGN (0x4)

.ARM            0x0800964c        0x8
                0x0800964c                        . = ALIGN (0x4)
                0x0800964c                        __exidx_start = .
 *(.ARM.exidx*)
 .ARM.exidx     0x0800964c        0x8 /home/jesse/st/stm32cubeide_1.19.0/plugins/com.st.stm32cube.ide.mcu.externaltools.gnu-tools-for-stm32.13.3.rel1.linux64_1.0.0.202410170706/tools/bin/../lib/gcc/arm-none-eabi/13.3.1/../../../../arm-none-eabi/lib/thumb/v7e-m+fp/hard/libc_nano.a(libc_a-strcmp.o)
 .ARM.exidx     0x08009654        0x0 /home/jesse/st/stm32cubeide_1.19.0/plugins/com.st.stm32cube.ide.mcu.externaltools.gnu-tools-for-stm32.13.3.rel1.linux64_1.0.0.202410170706/tools/bin/../lib/gcc/arm-none-eabi/13.3.1/../../../../arm-none-eabi/lib/thumb/v7e-m+fp/hard/libc_nano.a(libc_a-strlen.o)
                                  0x8 (size before relaxing)
 .ARM.exidx     0x08009654        0x0 /home/jesse/st/stm32cubeide_1.19.0/plugins/com.st.stm32cube.ide.mcu.externaltools.gnu-tools-for-stm32.13.3.rel1.linux64_1.0.0.202410170706/tools/bin/../lib/gcc/arm-none-eabi/13.3.1/../../../../arm-none-eabi/lib/thumb/v7e-m+fp/hard/libc_nano.a(libc_a-memchr.o)
                                  0x8 (size before relaxing)
 .ARM.exidx     0x08009654        0x0 /home/jesse/st/stm32cubeide_1.19.0/plugins/com.st.stm32cube.ide.mcu.externaltools.gnu-tools-for-stm32.13.3.rel1.linux64_1.0.0.202410170706/tools/bin/../lib/gcc/arm-none-eabi/13.3.1/thumb/v7e-m+fp/hard/libgcc.a(_udivmoddi4.o)
                                  0x8 (size before relaxing)
                0x08009654                        __exidx_end = .
                0x08009654                        . = ALIGN (0x4)

.preinit_array  0x08009654        0x0
                0x08009654                        . = ALIGN (0x4)
                0x08009654                        PROVIDE (__preinit_array_start = .)
 *(.preinit_array*)
                0x08009654                        PROVIDE (__preinit_array_end = .)
                0x08009654                        . = ALIGN (0x4)

.init_array     0x08009654        0x4
                0x08009654                        . = ALIGN (0x4)
                0x08009654                        PROVIDE (__init_array_start = .)
 *(SORT_BY_NAME(.init_array.*))
 *(.init_array*)
 .init_array    0x08009654        0x4 /home/jesse/st/stm32cubeide_1.19.0/plugins/com.st.stm32cube.ide.mcu.externaltools.gnu-tools-for-stm32.13.3.rel1.linux64_1.0.0.202410170706/tools/bin/../lib/gcc/arm-none-eabi/13.3.1/thumb/v7e-m+fp/hard/crtbegin.o
                0x08009658                        PROVIDE (__init_array_end = .)
                0x08009658                        . = ALIGN (0x4)

.fini_array     0x08009658        0x4
                0x08009658                        . = ALIGN (0x4)
                [!provide]                        PROVIDE (__fini_array_start = .)
 *(SORT_BY_NAME(.fini_array.*))
 *(.fini_array*)
 .fini_array    0x08009658        0x4 /home/jesse/st/stm32cubeide_1.19.0/plugins/com.st.stm32cube.ide.mcu.externaltools.gnu-tools-for-stm32.13.3.rel1.linux64_1.0.0.202410170706/tools/bin/../lib/gcc/arm-none-eabi/13.3.1/thumb/v7e-m+fp/hard/crtbegin.o
                [!provide]                        PROVIDE (__fini_array_end = .)
                0x0800965c                        . = ALIGN (0x4)
                0x0800965c                        _sidata = LOADADDR (.data)

.rel.dyn        0x0800965c        0x0
 .rel.iplt      0x0800965c        0x0 /home/jesse/st/stm32cubeide_1.19.0/plugins/com.st.stm32cube.ide.mcu.externaltools.gnu-tools-for-stm32.13.3.rel1.linux64_1.0.0.202410170706/tools/bin/../lib/gcc/arm-none-eabi/13.3.1/thumb/v7e-m+fp/hard/crtbegin.o

.data           0x20000000       0x70 load address 0x0800965c
                0x20000000                        . = ALIGN (0x4)
                0x20000000                        _sdata = .
 *(.data)
 *(.data*)
 .data.SystemCoreClock
                0x20000000        0x4 ./Core/Src/system_stm32l4xx.o
                0x20000000                SystemCoreClock
 .data.uwTickPrio
                0x20000004        0x4 ./Drivers/STM32L4xx_HAL_Driver/Src/stm32l4xx_hal.o
                0x20000004                uwTickPrio
 .data.uwTickFreq
                0x20000008        0x1 ./Drivers/STM32L4xx_HAL_Driver/Src/stm32l4xx_hal.o
                0x20000008                uwTickFreq
 .data.Stat     0x20000009        0x1 ./FATFS/Target/user_diskio.o
 *fill*         0x2000000a        0x2 
 .data.USER_Driver
                0x2000000c       0x14 ./FATFS/Target/user_diskio.o
                0x2000000c                USER_Driver
 .data._impure_ptr
                0x20000020        0x4 /home/jesse/st/stm32cubeide_1.19.0/plugins/com.st.stm32cube.ide.mcu.externaltools.gnu-tools-for-stm32.13.3.rel1.linux64_1.0.0.202410170706/tools/bin/../lib/gcc/arm-none-eabi/13.3.1/../../../../arm-none-eabi/lib/thumb/v7e-m+fp/hard/libc_nano.a(libc_a-impure.o)
                0x20000020                _impure_ptr
 .data._impure_data
                0x20000024       0x4c /home/jesse/st/stm32cubeide_1.19.0/plugins/com.st.stm32cube.ide.mcu.externaltools.gnu-tools-for-stm32.13.3.rel1.linux64_1.0.0.202410170706/tools/bin/../lib/gcc/arm-none-eabi/13.3.1/../../../../arm-none-eabi/lib/thumb/v7e-m+fp/hard/libc_nano.a(libc_a-impure.o)
                0x20000024                _impure_data
 *(.RamFunc)
 *(.RamFunc*)
                0x20000070                        . = ALIGN (0x4)
                0x20000070                        _edata = .

.igot.plt       0x20000070        0x0 load address 0x080096cc
 .igot.plt      0x20000070        0x0 /home/jesse/st/stm32cubeide_1.19.0/plugins/com.st.stm32cube.ide.mcu.externaltools.gnu-tools-for-stm32.13.3.rel1.linux64_1.0.0.202410170706/tools/bin/../lib/gcc/arm-none-eabi/13.3.1/thumb/v7e-m+fp/hard/crtbegin.o
                0x20000070                        . = ALIGN (0x4)

.bss            0x20000070      0x508 load address 0x080096cc
                0x20000070                        _sbss = .
                0x20000070                        __bss_start__ = _sbss
 *(.bss)
 .bss           0x20000070       0x1c /home/jesse/st/stm32cubeide_1.19.0/plugins/com.st.stm32cube.ide.mcu.externaltools.gnu-tools-for-stm32.13.3.rel1.linux64_1.0.0.202410170706/tools/bin/../lib/gcc/arm-none-eabi/13.3.1/thumb/v7e-m+fp/hard/crtbegin.o
 *(.bss*)
 .bss.oled_i2c  0x2000008c        0x4 ./Core/Src/OLED.o
 .bss.hi2c2     0x20000090       0x54 ./Core/Src/i2c.o
                0x20000090                hi2c2
 .bss.buffer.0  0x200000e4      0x100 ./Core/Src/main.o
 .bss.hspi2     0x200001e4       0x64 ./Core/Src/spi.o
                0x200001e4                hspi2
 .bss.__sbrk_heap_end
                0x20000248        0x4 ./Core/Src/sysmem.o
 .bss.htim2     0x2000024c       0x4c ./Core/Src/tim.o
                0x2000024c                htim2
 .bss.hdma_tim2_ch1
                0x20000298       0x48 ./Core/Src/tim.o
                0x20000298                hdma_tim2_ch1
 .bss.huart1    0x200002e0       0x88 ./Core/Src/usart.o
                0x200002e0                huart1
 .bss.huart2    0x20000368       0x88 ./Core/Src/usart.o
                0x20000368                huart2
 .bss.uwTick    0x200003f0        0x4 ./Drivers/STM32L4xx_HAL_Driver/Src/stm32l4xx_hal.o
                0x200003f0                uwTick
 .bss.retUSER   0x200003f4        0x1 ./FATFS/App/fatfs.o
                0x200003f4                retUSER
 *fill*         0x200003f5        0x3 
 .bss.USERPath  0x200003f8        0x4 ./FATFS/App/fatfs.o
                0x200003f8                USERPath
 .bss.FatFs     0x200003fc        0x4 ./Middlewares/Third_Party/FatFs/src/ff.o
 .bss.Fsid      0x20000400        0x2 ./Middlewares/Third_Party/FatFs/src/ff.o
 *fill*         0x20000402        0x2 
 .bss.Files     0x20000404       0x20 ./Middlewares/Third_Party/FatFs/src/ff.o
 .bss.disk      0x20000424        0xc ./Middlewares/Third_Party/FatFs/src/ff_gen_drv.o
                0x20000424                disk
 .bss.__sf      0x20000430      0x138 /home/jesse/st/stm32cubeide_1.19.0/plugins/com.st.stm32cube.ide.mcu.externaltools.gnu-tools-for-stm32.13.3.rel1.linux64_1.0.0.202410170706/tools/bin/../lib/gcc/arm-none-eabi/13.3.1/../../../../arm-none-eabi/lib/thumb/v7e-m+fp/hard/libc_nano.a(libc_a-findfp.o)
                0x20000430                __sf
 .bss.errno     0x20000568        0x4 /home/jesse/st/stm32cubeide_1.19.0/plugins/com.st.stm32cube.ide.mcu.externaltools.gnu-tools-for-stm32.13.3.rel1.linux64_1.0.0.202410170706/tools/bin/../lib/gcc/arm-none-eabi/13.3.1/../../../../arm-none-eabi/lib/thumb/v7e-m+fp/hard/libc_nano.a(libc_a-reent.o)
                0x20000568                errno
 .bss.__lock___malloc_recursive_mutex
                0x2000056c        0x1 /home/jesse/st/stm32cubeide_1.19.0/plugins/com.st.stm32cube.ide.mcu.externaltools.gnu-tools-for-stm32.13.3.rel1.linux64_1.0.0.202410170706/tools/bin/../lib/gcc/arm-none-eabi/13.3.1/../../../../arm-none-eabi/lib/thumb/v7e-m+fp/hard/libc_nano.a(libc_a-lock.o)
                0x2000056c                __lock___malloc_recursive_mutex
 *fill*         0x2000056d        0x3 
 .bss.__malloc_sbrk_start
                0x20000570        0x4 /home/jesse/st/stm32cubeide_1.19.0/plugins/com.st.stm32cube.ide.mcu.externaltools.gnu-tools-for-stm32.13.3.rel1.linux64_1.0.0.202410170706/tools/bin/../lib/gcc/arm-none-eabi/13.3.1/../../../../arm-none-eabi/lib/thumb/v7e-m+fp/hard/libc_nano.a(libc_a-mallocr.o)
                0x20000570                __malloc_sbrk_start
 .bss.__malloc_free_list
                0x20000574        0x4 /home/jesse/st/stm32cubeide_1.19.0/plugins/com.st.stm32cube.ide.mcu.externaltools.gnu-tools-for-stm32.13.3.rel1.linux64_1.0.0.202410170706/tools/bin/../lib/gcc/arm-none-eabi/13.3.1/../../../../arm-none-eabi/lib/thumb/v7e-m+fp/hard/libc_nano.a(libc_a-mallocr.o)
                0x20000574                __malloc_free_list
 *(COMMON)
                0x20000578                        . = ALIGN (0x4)
                0x20000578                        _ebss = .
                0x20000578                        __bss_end__ = _ebss

._user_heap_stack
                0x20000578      0x600 load address 0x080096cc
                0x20000578                        . = ALIGN (0x8)
                [!provide]                        PROVIDE (end = .)
                0x20000578                        PROVIDE (_end = .)
                0x20000778                        . = (. + _Min_Heap_Size)
 *fill*         0x20000578      0x200 
                0x20000b78                        . = (. + _Min_Stack_Size)
 *fill*         0x20000778      0x400 
                0x20000b78                        . = ALIGN (0x8)

/DISCARD/
 libc.a(*)
 libm.a(*)
 libgcc.a(*)

.ARM.attributes
                0x00000000       0x30
 *(.ARM.attributes)
 .ARM.attributes
                0x00000000       0x22 /home/jesse/st/stm32cubeide_1.19.0/plugins/com.st.stm32cube.ide.mcu.externaltools.gnu-tools-for-stm32.13.3.rel1.linux64_1.0.0.202410170706/tools/bin/../lib/gcc/arm-none-eabi/13.3.1/thumb/v7e-m+fp/hard/crti.o
 .ARM.attributes
                0x00000022       0x34 /home/jesse/st/stm32cubeide_1.19.0/plugins/com.st.stm32cube.ide.mcu.externaltools.gnu-tools-for-stm32.13.3.rel1.linux64_1.0.0.202410170706/tools/bin/../lib/gcc/arm-none-eabi/13.3.1/thumb/v7e-m+fp/hard/crtbegin.o
 .ARM.attributes
                0x00000056       0x34 ./Core/Src/OLED.o
 .ARM.attributes
                0x0000008a       0x34 ./Core/Src/dma.o
 .ARM.attributes
                0x000000be       0x34 ./Core/Src/gpio.o
 .ARM.attributes
                0x000000f2       0x34 ./Core/Src/i2c.o
 .ARM.attributes
                0x00000126       0x34 ./Core/Src/main.o
 .ARM.attributes
                0x0000015a       0x34 ./Core/Src/spi.o
 .ARM.attributes
                0x0000018e       0x34 ./Core/Src/stm32l4xx_hal_msp.o
 .ARM.attributes
                0x000001c2       0x34 ./Core/Src/stm32l4xx_it.o
 .ARM.attributes
                0x000001f6       0x34 ./Core/Src/sysmem.o
 .ARM.attributes
                0x0000022a       0x34 ./Core/Src/system_stm32l4xx.o
 .ARM.attributes
                0x0000025e       0x34 ./Core/Src/tim.o
 .ARM.attributes
                0x00000292       0x34 ./Core/Src/usart.o
 .ARM.attributes
                0x000002c6       0x21 ./Core/Startup/startup_stm32l433cctx.o
 .ARM.attributes
                0x000002e7       0x34 ./Drivers/STM32L4xx_HAL_Driver/Src/stm32l4xx_hal.o
 .ARM.attributes
                0x0000031b       0x34 ./Drivers/STM32L4xx_HAL_Driver/Src/stm32l4xx_hal_cortex.o
 .ARM.attributes
                0x0000034f       0x34 ./Drivers/STM32L4xx_HAL_Driver/Src/stm32l4xx_hal_dma.o
 .ARM.attributes
                0x00000383       0x34 ./Drivers/STM32L4xx_HAL_Driver/Src/stm32l4xx_hal_gpio.o
 .ARM.attributes
                0x000003b7       0x34 ./Drivers/STM32L4xx_HAL_Driver/Src/stm32l4xx_hal_i2c.o
 .ARM.attributes
                0x000003eb       0x34 ./Drivers/STM32L4xx_HAL_Driver/Src/stm32l4xx_hal_i2c_ex.o
 .ARM.attributes
                0x0000041f       0x34 ./Drivers/STM32L4xx_HAL_Driver/Src/stm32l4xx_hal_pwr_ex.o
 .ARM.attributes
                0x00000453       0x34 ./Drivers/STM32L4xx_HAL_Driver/Src/stm32l4xx_hal_rcc.o
 .ARM.attributes
                0x00000487       0x34 ./Drivers/STM32L4xx_HAL_Driver/Src/stm32l4xx_hal_rcc_ex.o
 .ARM.attributes
                0x000004bb       0x34 ./Drivers/STM32L4xx_HAL_Driver/Src/stm32l4xx_hal_spi.o
 .ARM.attributes
                0x000004ef       0x34 ./Drivers/STM32L4xx_HAL_Driver/Src/stm32l4xx_hal_tim.o
 .ARM.attributes
                0x00000523       0x34 ./Drivers/STM32L4xx_HAL_Driver/Src/stm32l4xx_hal_tim_ex.o
 .ARM.attributes
                0x00000557       0x34 ./Drivers/STM32L4xx_HAL_Driver/Src/stm32l4xx_hal_uart.o
 .ARM.attributes
                0x0000058b       0x34 ./FATFS/App/fatfs.o
 .ARM.attributes
                0x000005bf       0x34 ./FATFS/Target/user_diskio.o
 .ARM.attributes
                0x000005f3       0x34 ./Middlewares/Third_Party/FatFs/src/diskio.o
 .ARM.attributes
                0x00000627       0x34 ./Middlewares/Third_Party/FatFs/src/ff.o
 .ARM.attributes
                0x0000065b       0x34 ./Middlewares/Third_Party/FatFs/src/ff_gen_drv.o
 .ARM.attributes
                0x0000068f       0x34 /home/jesse/st/stm32cubeide_1.19.0/plugins/com.st.stm32cube.ide.mcu.externaltools.gnu-tools-for-stm32.13.3.rel1.linux64_1.0.0.202410170706/tools/bin/../lib/gcc/arm-none-eabi/13.3.1/../../../../arm-none-eabi/lib/thumb/v7e-m+fp/hard/libc_nano.a(libc_a-atoi.o)
 .ARM.attributes
                0x000006c3       0x34 /home/jesse/st/stm32cubeide_1.19.0/plugins/com.st.stm32cube.ide.mcu.externaltools.gnu-tools-for-stm32.13.3.rel1.linux64_1.0.0.202410170706/tools/bin/../lib/gcc/arm-none-eabi/13.3.1/../../../../arm-none-eabi/lib/thumb/v7e-m+fp/hard/libc_nano.a(libc_a-strtol.o)
 .ARM.attributes
                0x000006f7       0x34 /home/jesse/st/stm32cubeide_1.19.0/plugins/com.st.stm32cube.ide.mcu.externaltools.gnu-tools-for-stm32.13.3.rel1.linux64_1.0.0.202410170706/tools/bin/../lib/gcc/arm-none-eabi/13.3.1/../../../../arm-none-eabi/lib/thumb/v7e-m+fp/hard/libc_nano.a(libc_a-ctype_.o)
 .ARM.attributes
                0x0000072b       0x34 /home/jesse/st/stm32cubeide_1.19.0/plugins/com.st.stm32cube.ide.mcu.externaltools.gnu-tools-for-stm32.13.3.rel1.linux64_1.0.0.202410170706/tools/bin/../lib/gcc/arm-none-eabi/13.3.1/../../../../arm-none-eabi/lib/thumb/v7e-m+fp/hard/libc_nano.a(libc_a-findfp.o)
 .ARM.attributes
                0x0000075f       0x34 /home/jesse/st/stm32cubeide_1.19.0/plugins/com.st.stm32cube.ide.mcu.externaltools.gnu-tools-for-stm32.13.3.rel1.linux64_1.0.0.202410170706/tools/bin/../lib/gcc/arm-none-eabi/13.3.1/../../../../arm-none-eabi/lib/thumb/v7e-m+fp/hard/libc_nano.a(libc_a-vsnprintf.o)
 .ARM.attributes
                0x00000793       0x34 /home/jesse/st/stm32cubeide_1.19.0/plugins/com.st.stm32cube.ide.mcu.externaltools.gnu-tools-for-stm32.13.3.rel1.linux64_1.0.0.202410170706/tools/bin/../lib/gcc/arm-none-eabi/13.3.1/../../../../arm-none-eabi/lib/thumb/v7e-m+fp/hard/libc_nano.a(libc_a-memcmp.o)
 .ARM.attributes
                0x000007c7       0x34 /home/jesse/st/stm32cubeide_1.19.0/plugins/com.st.stm32cube.ide.mcu.externaltools.gnu-tools-for-stm32.13.3.rel1.linux64_1.0.0.202410170706/tools/bin/../lib/gcc/arm-none-eabi/13.3.1/../../../../arm-none-eabi/lib/thumb/v7e-m+fp/hard/libc_nano.a(libc_a-memmove.o)
 .ARM.attributes
                0x000007fb       0x34 /home/jesse/st/stm32cubeide_1.19.0/plugins/com.st.stm32cube.ide.mcu.externaltools.gnu-tools-for-stm32.13.3.rel1.linux64_1.0.0.202410170706/tools/bin/../lib/gcc/arm-none-eabi/13.3.1/../../../../arm-none-eabi/lib/thumb/v7e-m+fp/hard/libc_nano.a(libc_a-memset.o)
 .ARM.attributes
                0x0000082f       0x34 /home/jesse/st/stm32cubeide_1.19.0/plugins/com.st.stm32cube.ide.mcu.externaltools.gnu-tools-for-stm32.13.3.rel1.linux64_1.0.0.202410170706/tools/bin/../lib/gcc/arm-none-eabi/13.3.1/../../../../arm-none-eabi/lib/thumb/v7e-m+fp/hard/libc_nano.a(libc_a-strncat.o)
 .ARM.attributes
                0x00000863       0x34 /home/jesse/st/stm32cubeide_1.19.0/plugins/com.st.stm32cube.ide.mcu.externaltools.gnu-tools-for-stm32.13.3.rel1.linux64_1.0.0.202410170706/tools/bin/../lib/gcc/arm-none-eabi/13.3.1/../../../../arm-none-eabi/lib/thumb/v7e-m+fp/hard/libc_nano.a(libc_a-strncmp.o)
 .ARM.attributes
                0x00000897       0x34 /home/jesse/st/stm32cubeide_1.19.0/plugins/com.st.stm32cube.ide.mcu.externaltools.gnu-tools-for-stm32.13.3.rel1.linux64_1.0.0.202410170706/tools/bin/../lib/gcc/arm-none-eabi/13.3.1/../../../../arm-none-eabi/lib/thumb/v7e-m+fp/hard/libc_nano.a(libc_a-strncpy.o)
 .ARM.attributes
                0x000008cb       0x34 /home/jesse/st/stm32cubeide_1.19.0/plugins/com.st.stm32cube.ide.mcu.externaltools.gnu-tools-for-stm32.13.3.rel1.linux64_1.0.0.202410170706/tools/bin/../lib/gcc/arm-none-eabi/13.3.1/../../../../arm-none-eabi/lib/thumb/v7e-m+fp/hard/libc_nano.a(libc_a-reent.o)
 .ARM.attributes
                0x000008ff       0x34 /home/jesse/st/stm32cubeide_1.19.0/plugins/com.st.stm32cube.ide.mcu.externaltools.gnu-tools-for-stm32.13.3.rel1.linux64_1.0.0.202410170706/tools/bin/../lib/gcc/arm-none-eabi/13.3.1/../../../../arm-none-eabi/lib/thumb/v7e-m+fp/hard/libc_nano.a(libc_a-impure.o)
 .ARM.attributes
                0x00000933       0x34 /home/jesse/st/stm32cubeide_1.19.0/plugins/com.st.stm32cube.ide.mcu.externaltools.gnu-tools-for-stm32.13.3.rel1.linux64_1.0.0.202410170706/tools/bin/../lib/gcc/arm-none-eabi/13.3.1/../../../../arm-none-eabi/lib/thumb/v7e-m+fp/hard/libc_nano.a(libc_a-errno.o)
 .ARM.attributes
                0x00000967       0x34 /home/jesse/st/stm32cubeide_1.19.0/plugins/com.st.stm32cube.ide.mcu.externaltools.gnu-tools-for-stm32.13.3.rel1.linux64_1.0.0.202410170706/tools/bin/../lib/gcc/arm-none-eabi/13.3.1/../../../../arm-none-eabi/lib/thumb/v7e-m+fp/hard/libc_nano.a(libc_a-init.o)
 .ARM.attributes
                0x0000099b       0x34 /home/jesse/st/stm32cubeide_1.19.0/plugins/com.st.stm32cube.ide.mcu.externaltools.gnu-tools-for-stm32.13.3.rel1.linux64_1.0.0.202410170706/tools/bin/../lib/gcc/arm-none-eabi/13.3.1/../../../../arm-none-eabi/lib/thumb/v7e-m+fp/hard/libc_nano.a(libc_a-lock.o)
 .ARM.attributes
                0x000009cf       0x20 /home/jesse/st/stm32cubeide_1.19.0/plugins/com.st.stm32cube.ide.mcu.externaltools.gnu-tools-for-stm32.13.3.rel1.linux64_1.0.0.202410170706/tools/bin/../lib/gcc/arm-none-eabi/13.3.1/../../../../arm-none-eabi/lib/thumb/v7e-m+fp/hard/libc_nano.a(libc_a-strcmp.o)
 .ARM.attributes
                0x000009ef       0x34 /home/jesse/st/stm32cubeide_1.19.0/plugins/com.st.stm32cube.ide.mcu.externaltools.gnu-tools-for-stm32.13.3.rel1.linux64_1.0.0.202410170706/tools/bin/../lib/gcc/arm-none-eabi/13.3.1/../../../../arm-none-eabi/lib/thumb/v7e-m+fp/hard/libc_nano.a(libc_a-strcpy.o)
 .ARM.attributes
                0x00000a23       0x34 /home/jesse/st/stm32cubeide_1.19.0/plugins/com.st.stm32cube.ide.mcu.externaltools.gnu-tools-for-stm32.13.3.rel1.linux64_1.0.0.202410170706/tools/bin/../lib/gcc/arm-none-eabi/13.3.1/../../../../arm-none-eabi/lib/thumb/v7e-m+fp/hard/libc_nano.a(libc_a-memcpy-stub.o)
 .ARM.attributes
                0x00000a57       0x17 /home/jesse/st/stm32cubeide_1.19.0/plugins/com.st.stm32cube.ide.mcu.externaltools.gnu-tools-for-stm32.13.3.rel1.linux64_1.0.0.202410170706/tools/bin/../lib/gcc/arm-none-eabi/13.3.1/../../../../arm-none-eabi/lib/thumb/v7e-m+fp/hard/libc_nano.a(libc_a-strlen.o)
 .ARM.attributes
                0x00000a6e       0x34 /home/jesse/st/stm32cubeide_1.19.0/plugins/com.st.stm32cube.ide.mcu.externaltools.gnu-tools-for-stm32.13.3.rel1.linux64_1.0.0.202410170706/tools/bin/../lib/gcc/arm-none-eabi/13.3.1/../../../../arm-none-eabi/lib/thumb/v7e-m+fp/hard/libc_nano.a(libc_a-freer.o)
 .ARM.attributes
                0x00000aa2       0x34 /home/jesse/st/stm32cubeide_1.19.0/plugins/com.st.stm32cube.ide.mcu.externaltools.gnu-tools-for-stm32.13.3.rel1.linux64_1.0.0.202410170706/tools/bin/../lib/gcc/arm-none-eabi/13.3.1/../../../../arm-none-eabi/lib/thumb/v7e-m+fp/hard/libc_nano.a(libc_a-mallocr.o)
 .ARM.attributes
                0x00000ad6       0x34 /home/jesse/st/stm32cubeide_1.19.0/plugins/com.st.stm32cube.ide.mcu.externaltools.gnu-tools-for-stm32.13.3.rel1.linux64_1.0.0.202410170706/tools/bin/../lib/gcc/arm-none-eabi/13.3.1/../../../../arm-none-eabi/lib/thumb/v7e-m+fp/hard/libc_nano.a(libc_a-mlock.o)
 .ARM.attributes
                0x00000b0a       0x34 /home/jesse/st/stm32cubeide_1.19.0/plugins/com.st.stm32cube.ide.mcu.externaltools.gnu-tools-for-stm32.13.3.rel1.linux64_1.0.0.202410170706/tools/bin/../lib/gcc/arm-none-eabi/13.3.1/../../../../arm-none-eabi/lib/thumb/v7e-m+fp/hard/libc_nano.a(libc_a-nano-svfprintf.o)
 .ARM.attributes
                0x00000b3e       0x34 /home/jesse/st/stm32cubeide_1.19.0/plugins/com.st.stm32cube.ide.mcu.externaltools.gnu-tools-for-stm32.13.3.rel1.linux64_1.0.0.202410170706/tools/bin/../lib/gcc/arm-none-eabi/13.3.1/../../../../arm-none-eabi/lib/thumb/v7e-m+fp/hard/libc_nano.a(libc_a-nano-vfprintf_i.o)
 .ARM.attributes
                0x00000b72       0x34 /home/jesse/st/stm32cubeide_1.19.0/plugins/com.st.stm32cube.ide.mcu.externaltools.gnu-tools-for-stm32.13.3.rel1.linux64_1.0.0.202410170706/tools/bin/../lib/gcc/arm-none-eabi/13.3.1/../../../../arm-none-eabi/lib/thumb/v7e-m+fp/hard/libc_nano.a(libc_a-sbrkr.o)
 .ARM.attributes
                0x00000ba6       0x1c /home/jesse/st/stm32cubeide_1.19.0/plugins/com.st.stm32cube.ide.mcu.externaltools.gnu-tools-for-stm32.13.3.rel1.linux64_1.0.0.202410170706/tools/bin/../lib/gcc/arm-none-eabi/13.3.1/../../../../arm-none-eabi/lib/thumb/v7e-m+fp/hard/libc_nano.a(libc_a-memchr.o)
 .ARM.attributes
                0x00000bc2       0x34 /home/jesse/st/stm32cubeide_1.19.0/plugins/com.st.stm32cube.ide.mcu.externaltools.gnu-tools-for-stm32.13.3.rel1.linux64_1.0.0.202410170706/tools/bin/../lib/gcc/arm-none-eabi/13.3.1/../../../../arm-none-eabi/lib/thumb/v7e-m+fp/hard/libc_nano.a(libc_a-reallocr.o)
 .ARM.attributes
                0x00000bf6       0x34 /home/jesse/st/stm32cubeide_1.19.0/plugins/com.st.stm32cube.ide.mcu.externaltools.gnu-tools-for-stm32.13.3.rel1.linux64_1.0.0.202410170706/tools/bin/../lib/gcc/arm-none-eabi/13.3.1/../../../../arm-none-eabi/lib/thumb/v7e-m+fp/hard/libc_nano.a(libc_a-msizer.o)
 .ARM.attributes
                0x00000c2a       0x22 /home/jesse/st/stm32cubeide_1.19.0/plugins/com.st.stm32cube.ide.mcu.externaltools.gnu-tools-for-stm32.13.3.rel1.linux64_1.0.0.202410170706/tools/bin/../lib/gcc/arm-none-eabi/13.3.1/thumb/v7e-m+fp/hard/libgcc.a(_aeabi_uldivmod.o)
 .ARM.attributes
                0x00000c4c       0x34 /home/jesse/st/stm32cubeide_1.19.0/plugins/com.st.stm32cube.ide.mcu.externaltools.gnu-tools-for-stm32.13.3.rel1.linux64_1.0.0.202410170706/tools/bin/../lib/gcc/arm-none-eabi/13.3.1/thumb/v7e-m+fp/hard/libgcc.a(_udivmoddi4.o)
 .ARM.attributes
                0x00000c80       0x22 /home/jesse/st/stm32cubeide_1.19.0/plugins/com.st.stm32cube.ide.mcu.externaltools.gnu-tools-for-stm32.13.3.rel1.linux64_1.0.0.202410170706/tools/bin/../lib/gcc/arm-none-eabi/13.3.1/thumb/v7e-m+fp/hard/libgcc.a(_dvmd_tls.o)
 .ARM.attributes
                0x00000ca2       0x22 /home/jesse/st/stm32cubeide_1.19.0/plugins/com.st.stm32cube.ide.mcu.externaltools.gnu-tools-for-stm32.13.3.rel1.linux64_1.0.0.202410170706/tools/bin/../lib/gcc/arm-none-eabi/13.3.1/thumb/v7e-m+fp/hard/crtn.o
OUTPUT(proj.elf elf32-littlearm)
LOAD linker stubs
LOAD /home/jesse/st/stm32cubeide_1.19.0/plugins/com.st.stm32cube.ide.mcu.externaltools.gnu-tools-for-stm32.13.3.rel1.linux64_1.0.0.202410170706/tools/bin/../lib/gcc/arm-none-eabi/13.3.1/../../../../arm-none-eabi/lib/thumb/v7e-m+fp/hard/libc.a
LOAD /home/jesse/st/stm32cubeide_1.19.0/plugins/com.st.stm32cube.ide.mcu.externaltools.gnu-tools-for-stm32.13.3.rel1.linux64_1.0.0.202410170706/tools/bin/../lib/gcc/arm-none-eabi/13.3.1/../../../../arm-none-eabi/lib/thumb/v7e-m+fp/hard/libm.a
LOAD /home/jesse/st/stm32cubeide_1.19.0/plugins/com.st.stm32cube.ide.mcu.externaltools.gnu-tools-for-stm32.13.3.rel1.linux64_1.0.0.202410170706/tools/bin/../lib/gcc/arm-none-eabi/13.3.1/thumb/v7e-m+fp/hard/libgcc.a

.debug_info     0x00000000    0x1a0df
 .debug_info    0x00000000      0xc0b ./Core/Src/OLED.o
 .debug_info    0x00000c0b      0x4b5 ./Core/Src/dma.o
 .debug_info    0x000010c0      0x43b ./Core/Src/gpio.o
 .debug_info    0x000014fb      0xc0c ./Core/Src/i2c.o
 .debug_info    0x00002107     0x17a0 ./Core/Src/main.o
 .debug_info    0x000038a7      0x985 ./Core/Src/spi.o
 .debug_info    0x0000422c      0x2c5 ./Core/Src/stm32l4xx_hal_msp.o
 .debug_info    0x000044f1      0x36a ./Core/Src/stm32l4xx_it.o
 .debug_info    0x0000485b      0x168 ./Core/Src/sysmem.o
 .debug_info    0x000049c3      0x5bf ./Core/Src/system_stm32l4xx.o
 .debug_info    0x00004f82      0xcd5 ./Core/Src/tim.o
 .debug_info    0x00005c57      0xcd1 ./Core/Src/usart.o
 .debug_info    0x00006928       0x30 ./Core/Startup/startup_stm32l433cctx.o
 .debug_info    0x00006958      0xa9f ./Drivers/STM32L4xx_HAL_Driver/Src/stm32l4xx_hal.o
 .debug_info    0x000073f7      0xd27 ./Drivers/STM32L4xx_HAL_Driver/Src/stm32l4xx_hal_cortex.o
 .debug_info    0x0000811e      0x6f4 ./Drivers/STM32L4xx_HAL_Driver/Src/stm32l4xx_hal_dma.o
 .debug_info    0x00008812      0x757 ./Drivers/STM32L4xx_HAL_Driver/Src/stm32l4xx_hal_gpio.o
 .debug_info    0x00008f69     0x20d2 ./Drivers/STM32L4xx_HAL_Driver/Src/stm32l4xx_hal_i2c.o
 .debug_info    0x0000b03b      0x981 ./Drivers/STM32L4xx_HAL_Driver/Src/stm32l4xx_hal_i2c_ex.o
 .debug_info    0x0000b9bc      0x920 ./Drivers/STM32L4xx_HAL_Driver/Src/stm32l4xx_hal_pwr_ex.o
 .debug_info    0x0000c2dc      0xbc3 ./Drivers/STM32L4xx_HAL_Driver/Src/stm32l4xx_hal_rcc.o
 .debug_info    0x0000ce9f      0xf0c ./Drivers/STM32L4xx_HAL_Driver/Src/stm32l4xx_hal_rcc_ex.o
 .debug_info    0x0000ddab     0x1549 ./Drivers/STM32L4xx_HAL_Driver/Src/stm32l4xx_hal_spi.o
 .debug_info    0x0000f2f4     0x2a9a ./Drivers/STM32L4xx_HAL_Driver/Src/stm32l4xx_hal_tim.o
 .debug_info    0x00011d8e     0x169e ./Drivers/STM32L4xx_HAL_Driver/Src/stm32l4xx_hal_tim_ex.o
 .debug_info    0x0001342c     0x3b77 ./Drivers/STM32L4xx_HAL_Driver/Src/stm32l4xx_hal_uart.o
 .debug_info    0x00016fa3      0x4d9 ./FATFS/App/fatfs.o
 .debug_info    0x0001747c      0x328 ./FATFS/Target/user_diskio.o
 .debug_info    0x000177a4      0x3df ./Middlewares/Third_Party/FatFs/src/diskio.o
 .debug_info    0x00017b83     0x21dd ./Middlewares/Third_Party/FatFs/src/ff.o
 .debug_info    0x00019d60      0x37f ./Middlewares/Third_Party/FatFs/src/ff_gen_drv.o

.debug_abbrev   0x00000000     0x3b37
 .debug_abbrev  0x00000000      0x243 ./Core/Src/OLED.o
 .debug_abbrev  0x00000243       0xfc ./Core/Src/dma.o
 .debug_abbrev  0x0000033f      0x152 ./Core/Src/gpio.o
 .debug_abbrev  0x00000491      0x212 ./Core/Src/i2c.o
 .debug_abbrev  0x000006a3      0x361 ./Core/Src/main.o
 .debug_abbrev  0x00000a04      0x1fa ./Core/Src/spi.o
 .debug_abbrev  0x00000bfe       0xc6 ./Core/Src/stm32l4xx_hal_msp.o
 .debug_abbrev  0x00000cc4      0x16e ./Core/Src/stm32l4xx_it.o
 .debug_abbrev  0x00000e32       0xbc ./Core/Src/sysmem.o
 .debug_abbrev  0x00000eee      0x11a ./Core/Src/system_stm32l4xx.o
 .debug_abbrev  0x00001008      0x211 ./Core/Src/tim.o
 .debug_abbrev  0x00001219      0x1fb ./Core/Src/usart.o
 .debug_abbrev  0x00001414       0x24 ./Core/Startup/startup_stm32l433cctx.o
 .debug_abbrev  0x00001438      0x242 ./Drivers/STM32L4xx_HAL_Driver/Src/stm32l4xx_hal.o
 .debug_abbrev  0x0000167a      0x31c ./Drivers/STM32L4xx_HAL_Driver/Src/stm32l4xx_hal_cortex.o
 .debug_abbrev  0x00001996      0x1e4 ./Drivers/STM32L4xx_HAL_Driver/Src/stm32l4xx_hal_dma.o
 .debug_abbrev  0x00001b7a      0x1cb ./Drivers/STM32L4xx_HAL_Driver/Src/stm32l4xx_hal_gpio.o
 .debug_abbrev  0x00001d45      0x261 ./Drivers/STM32L4xx_HAL_Driver/Src/stm32l4xx_hal_i2c.o
 .debug_abbrev  0x00001fa6      0x1c3 ./Drivers/STM32L4xx_HAL_Driver/Src/stm32l4xx_hal_i2c_ex.o
 .debug_abbrev  0x00002169      0x1f9 ./Drivers/STM32L4xx_HAL_Driver/Src/stm32l4xx_hal_pwr_ex.o
 .debug_abbrev  0x00002362      0x2cb ./Drivers/STM32L4xx_HAL_Driver/Src/stm32l4xx_hal_rcc.o
 .debug_abbrev  0x0000262d      0x2a1 ./Drivers/STM32L4xx_HAL_Driver/Src/stm32l4xx_hal_rcc_ex.o
 .debug_abbrev  0x000028ce      0x260 ./Drivers/STM32L4xx_HAL_Driver/Src/stm32l4xx_hal_spi.o
 .debug_abbrev  0x00002b2e      0x278 ./Drivers/STM32L4xx_HAL_Driver/Src/stm32l4xx_hal_tim.o
 .debug_abbrev  0x00002da6      0x283 ./Drivers/STM32L4xx_HAL_Driver/Src/stm32l4xx_hal_tim_ex.o
 .debug_abbrev  0x00003029      0x2d0 ./Drivers/STM32L4xx_HAL_Driver/Src/stm32l4xx_hal_uart.o
 .debug_abbrev  0x000032f9      0x160 ./FATFS/App/fatfs.o
 .debug_abbrev  0x00003459      0x13c ./FATFS/Target/user_diskio.o
 .debug_abbrev  0x00003595      0x181 ./Middlewares/Third_Party/FatFs/src/diskio.o
 .debug_abbrev  0x00003716      0x282 ./Middlewares/Third_Party/FatFs/src/ff.o
 .debug_abbrev  0x00003998      0x19f ./Middlewares/Third_Party/FatFs/src/ff_gen_drv.o

.debug_aranges  0x00000000     0x1828
 .debug_aranges
                0x00000000       0xa8 ./Core/Src/OLED.o
 .debug_aranges
                0x000000a8       0x20 ./Core/Src/dma.o
 .debug_aranges
                0x000000c8       0x20 ./Core/Src/gpio.o
 .debug_aranges
                0x000000e8       0x30 ./Core/Src/i2c.o
 .debug_aranges
                0x00000118       0x60 ./Core/Src/main.o
 .debug_aranges
                0x00000178       0x30 ./Core/Src/spi.o
 .debug_aranges
                0x000001a8       0x20 ./Core/Src/stm32l4xx_hal_msp.o
 .debug_aranges
                0x000001c8       0x68 ./Core/Src/stm32l4xx_it.o
 .debug_aranges
                0x00000230       0x20 ./Core/Src/sysmem.o
 .debug_aranges
                0x00000250       0x28 ./Core/Src/system_stm32l4xx.o
 .debug_aranges
                0x00000278       0x38 ./Core/Src/tim.o
 .debug_aranges
                0x000002b0       0x38 ./Core/Src/usart.o
 .debug_aranges
                0x000002e8       0x28 ./Core/Startup/startup_stm32l433cctx.o
 .debug_aranges
                0x00000310      0x130 ./Drivers/STM32L4xx_HAL_Driver/Src/stm32l4xx_hal.o
 .debug_aranges
                0x00000440      0x128 ./Drivers/STM32L4xx_HAL_Driver/Src/stm32l4xx_hal_cortex.o
 .debug_aranges
                0x00000568       0x80 ./Drivers/STM32L4xx_HAL_Driver/Src/stm32l4xx_hal_dma.o
 .debug_aranges
                0x000005e8       0x58 ./Drivers/STM32L4xx_HAL_Driver/Src/stm32l4xx_hal_gpio.o
 .debug_aranges
                0x00000640      0x2a0 ./Drivers/STM32L4xx_HAL_Driver/Src/stm32l4xx_hal_i2c.o
 .debug_aranges
                0x000008e0       0x48 ./Drivers/STM32L4xx_HAL_Driver/Src/stm32l4xx_hal_i2c_ex.o
 .debug_aranges
                0x00000928      0x128 ./Drivers/STM32L4xx_HAL_Driver/Src/stm32l4xx_hal_pwr_ex.o
 .debug_aranges
                0x00000a50       0x90 ./Drivers/STM32L4xx_HAL_Driver/Src/stm32l4xx_hal_rcc.o
 .debug_aranges
                0x00000ae0       0xf0 ./Drivers/STM32L4xx_HAL_Driver/Src/stm32l4xx_hal_rcc_ex.o
 .debug_aranges
                0x00000bd0      0x1d8 ./Drivers/STM32L4xx_HAL_Driver/Src/stm32l4xx_hal_spi.o
 .debug_aranges
                0x00000da8      0x3e0 ./Drivers/STM32L4xx_HAL_Driver/Src/stm32l4xx_hal_tim.o
 .debug_aranges
                0x00001188      0x180 ./Drivers/STM32L4xx_HAL_Driver/Src/stm32l4xx_hal_tim_ex.o
 .debug_aranges
                0x00001308      0x228 ./Drivers/STM32L4xx_HAL_Driver/Src/stm32l4xx_hal_uart.o
 .debug_aranges
                0x00001530       0x28 ./FATFS/App/fatfs.o
 .debug_aranges
                0x00001558       0x40 ./FATFS/Target/user_diskio.o
 .debug_aranges
                0x00001598       0x48 ./Middlewares/Third_Party/FatFs/src/diskio.o
 .debug_aranges
                0x000015e0      0x208 ./Middlewares/Third_Party/FatFs/src/ff.o
 .debug_aranges
                0x000017e8       0x40 ./Middlewares/Third_Party/FatFs/src/ff_gen_drv.o

.debug_rnglists
                0x00000000     0x12ec
 .debug_rnglists
                0x00000000       0x7c ./Core/Src/OLED.o
 .debug_rnglists
                0x0000007c       0x13 ./Core/Src/dma.o
 .debug_rnglists
                0x0000008f       0x13 ./Core/Src/gpio.o
 .debug_rnglists
                0x000000a2       0x21 ./Core/Src/i2c.o
 .debug_rnglists
                0x000000c3       0x64 ./Core/Src/main.o
 .debug_rnglists
                0x00000127       0x20 ./Core/Src/spi.o
 .debug_rnglists
                0x00000147       0x13 ./Core/Src/stm32l4xx_hal_msp.o
 .debug_rnglists
                0x0000015a       0x49 ./Core/Src/stm32l4xx_it.o
 .debug_rnglists
                0x000001a3       0x13 ./Core/Src/sysmem.o
 .debug_rnglists
                0x000001b6       0x1a ./Core/Src/system_stm32l4xx.o
 .debug_rnglists
                0x000001d0       0x27 ./Core/Src/tim.o
 .debug_rnglists
                0x000001f7       0x26 ./Core/Src/usart.o
 .debug_rnglists
                0x0000021d       0x19 ./Core/Startup/startup_stm32l433cctx.o
 .debug_rnglists
                0x00000236       0xdf ./Drivers/STM32L4xx_HAL_Driver/Src/stm32l4xx_hal.o
 .debug_rnglists
                0x00000315       0xda ./Drivers/STM32L4xx_HAL_Driver/Src/stm32l4xx_hal_cortex.o
 .debug_rnglists
                0x000003ef       0x64 ./Drivers/STM32L4xx_HAL_Driver/Src/stm32l4xx_hal_dma.o
 .debug_rnglists
                0x00000453       0x3f ./Drivers/STM32L4xx_HAL_Driver/Src/stm32l4xx_hal_gpio.o
 .debug_rnglists
                0x00000492      0x228 ./Drivers/STM32L4xx_HAL_Driver/Src/stm32l4xx_hal_i2c.o
 .debug_rnglists
                0x000006ba       0x35 ./Drivers/STM32L4xx_HAL_Driver/Src/stm32l4xx_hal_i2c_ex.o
 .debug_rnglists
                0x000006ef       0xdf ./Drivers/STM32L4xx_HAL_Driver/Src/stm32l4xx_hal_pwr_ex.o
 .debug_rnglists
                0x000007ce       0x6d ./Drivers/STM32L4xx_HAL_Driver/Src/stm32l4xx_hal_rcc.o
 .debug_rnglists
                0x0000083b       0xba ./Drivers/STM32L4xx_HAL_Driver/Src/stm32l4xx_hal_rcc_ex.o
 .debug_rnglists
                0x000008f5      0x178 ./Drivers/STM32L4xx_HAL_Driver/Src/stm32l4xx_hal_spi.o
 .debug_rnglists
                0x00000a6d      0x328 ./Drivers/STM32L4xx_HAL_Driver/Src/stm32l4xx_hal_tim.o
 .debug_rnglists
                0x00000d95      0x139 ./Drivers/STM32L4xx_HAL_Driver/Src/stm32l4xx_hal_tim_ex.o
 .debug_rnglists
                0x00000ece      0x1db ./Drivers/STM32L4xx_HAL_Driver/Src/stm32l4xx_hal_uart.o
 .debug_rnglists
                0x000010a9       0x19 ./FATFS/App/fatfs.o
 .debug_rnglists
                0x000010c2       0x2b ./FATFS/Target/user_diskio.o
 .debug_rnglists
                0x000010ed       0x31 ./Middlewares/Third_Party/FatFs/src/diskio.o
 .debug_rnglists
                0x0000111e      0x1a2 ./Middlewares/Third_Party/FatFs/src/ff.o
 .debug_rnglists
                0x000012c0       0x2c ./Middlewares/Third_Party/FatFs/src/ff_gen_drv.o

.debug_macro    0x00000000    0x253e6
 .debug_macro   0x00000000      0x208 ./Core/Src/OLED.o
 .debug_macro   0x00000208      0xad8 ./Core/Src/OLED.o
 .debug_macro   0x00000ce0      0x1b3 ./Core/Src/OLED.o
 .debug_macro   0x00000e93       0x2e ./Core/Src/OLED.o
 .debug_macro   0x00000ec1       0x28 ./Core/Src/OLED.o
 .debug_macro   0x00000ee9       0x22 ./Core/Src/OLED.o
 .debug_macro   0x00000f0b       0x8e ./Core/Src/OLED.o
 .debug_macro   0x00000f99       0x51 ./Core/Src/OLED.o
 .debug_macro   0x00000fea      0x103 ./Core/Src/OLED.o
 .debug_macro   0x000010ed       0x6a ./Core/Src/OLED.o
 .debug_macro   0x00001157      0x1df ./Core/Src/OLED.o
 .debug_macro   0x00001336       0x1c ./Core/Src/OLED.o
 .debug_macro   0x00001352       0x22 ./Core/Src/OLED.o
 .debug_macro   0x00001374       0xfb ./Core/Src/OLED.o
 .debug_macro   0x0000146f     0x1011 ./Core/Src/OLED.o
 .debug_macro   0x00002480      0x11f ./Core/Src/OLED.o
 .debug_macro   0x0000259f    0x16153 ./Core/Src/OLED.o
 .debug_macro   0x000186f2       0x6d ./Core/Src/OLED.o
 .debug_macro   0x0001875f     0x38fb ./Core/Src/OLED.o
 .debug_macro   0x0001c05a      0x190 ./Core/Src/OLED.o
 .debug_macro   0x0001c1ea       0x5c ./Core/Src/OLED.o
 .debug_macro   0x0001c246     0x13b4 ./Core/Src/OLED.o
 .debug_macro   0x0001d5fa      0x5dd ./Core/Src/OLED.o
 .debug_macro   0x0001dbd7      0x1b9 ./Core/Src/OLED.o
 .debug_macro   0x0001dd90      0x130 ./Core/Src/OLED.o
 .debug_macro   0x0001dec0      0x26b ./Core/Src/OLED.o
 .debug_macro   0x0001e12b      0x23d ./Core/Src/OLED.o
 .debug_macro   0x0001e368      0x241 ./Core/Src/OLED.o
 .debug_macro   0x0001e5a9      0x375 ./Core/Src/OLED.o
 .debug_macro   0x0001e91e       0xd6 ./Core/Src/OLED.o
 .debug_macro   0x0001e9f4      0x22c ./Core/Src/OLED.o
 .debug_macro   0x0001ec20       0x61 ./Core/Src/OLED.o
 .debug_macro   0x0001ec81       0xa5 ./Core/Src/OLED.o
 .debug_macro   0x0001ed26      0x122 ./Core/Src/OLED.o
 .debug_macro   0x0001ee48      0x364 ./Core/Src/OLED.o
 .debug_macro   0x0001f1ac      0x2fe ./Core/Src/OLED.o
 .debug_macro   0x0001f4aa      0xa98 ./Core/Src/OLED.o
 .debug_macro   0x0001ff42      0x12d ./Core/Src/OLED.o
 .debug_macro   0x0002006f      0x5cf ./Core/Src/OLED.o
 .debug_macro   0x0002063e       0x44 ./Core/Src/OLED.o
 .debug_macro   0x00020682      0x26d ./Core/Src/OLED.o
 .debug_macro   0x000208ef      0x207 ./Core/Src/dma.o
 .debug_macro   0x00020af6      0x207 ./Core/Src/gpio.o
 .debug_macro   0x00020cfd      0x207 ./Core/Src/i2c.o
 .debug_macro   0x00020f04      0x3dc ./Core/Src/main.o
 .debug_macro   0x000212e0       0xeb ./Core/Src/main.o
 .debug_macro   0x000213cb       0x8e ./Core/Src/main.o
 .debug_macro   0x00021459       0x4c ./Core/Src/main.o
 .debug_macro   0x000214a5      0x207 ./Core/Src/spi.o
 .debug_macro   0x000216ac      0x1fd ./Core/Src/stm32l4xx_hal_msp.o
 .debug_macro   0x000218a9      0x207 ./Core/Src/stm32l4xx_it.o
 .debug_macro   0x00021ab0      0x112 ./Core/Src/sysmem.o
 .debug_macro   0x00021bc2      0x23c ./Core/Src/sysmem.o
 .debug_macro   0x00021dfe      0x1ee ./Core/Src/system_stm32l4xx.o
 .debug_macro   0x00021fec      0x207 ./Core/Src/tim.o
 .debug_macro   0x000221f3      0x207 ./Core/Src/usart.o
 .debug_macro   0x000223fa      0x23c ./Drivers/STM32L4xx_HAL_Driver/Src/stm32l4xx_hal.o
 .debug_macro   0x00022636      0x1ee ./Drivers/STM32L4xx_HAL_Driver/Src/stm32l4xx_hal_cortex.o
 .debug_macro   0x00022824      0x1ee ./Drivers/STM32L4xx_HAL_Driver/Src/stm32l4xx_hal_dma.o
 .debug_macro   0x00022a12      0x1f5 ./Drivers/STM32L4xx_HAL_Driver/Src/stm32l4xx_hal_gpio.o
 .debug_macro   0x00022c07      0x2ba ./Drivers/STM32L4xx_HAL_Driver/Src/stm32l4xx_hal_i2c.o
 .debug_macro   0x00022ec1      0x1ee ./Drivers/STM32L4xx_HAL_Driver/Src/stm32l4xx_hal_i2c_ex.o
 .debug_macro   0x000230af      0x212 ./Drivers/STM32L4xx_HAL_Driver/Src/stm32l4xx_hal_pwr_ex.o
 .debug_macro   0x000232c1      0x230 ./Drivers/STM32L4xx_HAL_Driver/Src/stm32l4xx_hal_rcc.o
 .debug_macro   0x000234f1      0x224 ./Drivers/STM32L4xx_HAL_Driver/Src/stm32l4xx_hal_rcc_ex.o
 .debug_macro   0x00023715      0x1f6 ./Drivers/STM32L4xx_HAL_Driver/Src/stm32l4xx_hal_spi.o
 .debug_macro   0x0002390b      0x1ef ./Drivers/STM32L4xx_HAL_Driver/Src/stm32l4xx_hal_tim.o
 .debug_macro   0x00023afa      0x1ee ./Drivers/STM32L4xx_HAL_Driver/Src/stm32l4xx_hal_tim_ex.o
 .debug_macro   0x00023ce8      0x219 ./Drivers/STM32L4xx_HAL_Driver/Src/stm32l4xx_hal_uart.o
 .debug_macro   0x00023f01      0x322 ./FATFS/App/fatfs.o
 .debug_macro   0x00024223      0x33f ./FATFS/Target/user_diskio.o
 .debug_macro   0x00024562       0x10 ./FATFS/Target/user_diskio.o
 .debug_macro   0x00024572       0x16 ./FATFS/Target/user_diskio.o
 .debug_macro   0x00024588       0x7c ./FATFS/Target/user_diskio.o
 .debug_macro   0x00024604       0x56 ./FATFS/Target/user_diskio.o
 .debug_macro   0x0002465a      0x30f ./Middlewares/Third_Party/FatFs/src/diskio.o
 .debug_macro   0x00024969      0x716 ./Middlewares/Third_Party/FatFs/src/ff.o
 .debug_macro   0x0002507f       0x58 ./Middlewares/Third_Party/FatFs/src/ff.o
 .debug_macro   0x000250d7      0x30f ./Middlewares/Third_Party/FatFs/src/ff_gen_drv.o

.debug_line     0x00000000    0x20065
 .debug_line    0x00000000      0xab3 ./Core/Src/OLED.o
 .debug_line    0x00000ab3      0x706 ./Core/Src/dma.o
 .debug_line    0x000011b9      0x718 ./Core/Src/gpio.o
 .debug_line    0x000018d1      0x7ab ./Core/Src/i2c.o
 .debug_line    0x0000207c      0xeac ./Core/Src/main.o
 .debug_line    0x00002f28      0x787 ./Core/Src/spi.o
 .debug_line    0x000036af      0x70a ./Core/Src/stm32l4xx_hal_msp.o
 .debug_line    0x00003db9      0x7d1 ./Core/Src/stm32l4xx_it.o
 .debug_line    0x0000458a      0x4e0 ./Core/Src/sysmem.o
 .debug_line    0x00004a6a      0x7a8 ./Core/Src/system_stm32l4xx.o
 .debug_line    0x00005212      0x804 ./Core/Src/tim.o
 .debug_line    0x00005a16      0x819 ./Core/Src/usart.o
 .debug_line    0x0000622f       0x7a ./Core/Startup/startup_stm32l433cctx.o
 .debug_line    0x000062a9      0xb10 ./Drivers/STM32L4xx_HAL_Driver/Src/stm32l4xx_hal.o
 .debug_line    0x00006db9      0xcab ./Drivers/STM32L4xx_HAL_Driver/Src/stm32l4xx_hal_cortex.o
 .debug_line    0x00007a64      0xcea ./Drivers/STM32L4xx_HAL_Driver/Src/stm32l4xx_hal_dma.o
 .debug_line    0x0000874e      0xb10 ./Drivers/STM32L4xx_HAL_Driver/Src/stm32l4xx_hal_gpio.o
 .debug_line    0x0000925e     0x3711 ./Drivers/STM32L4xx_HAL_Driver/Src/stm32l4xx_hal_i2c.o
 .debug_line    0x0000c96f      0x870 ./Drivers/STM32L4xx_HAL_Driver/Src/stm32l4xx_hal_i2c_ex.o
 .debug_line    0x0000d1df      0xc0d ./Drivers/STM32L4xx_HAL_Driver/Src/stm32l4xx_hal_pwr_ex.o
 .debug_line    0x0000ddec     0x10b3 ./Drivers/STM32L4xx_HAL_Driver/Src/stm32l4xx_hal_rcc.o
 .debug_line    0x0000ee9f     0x13e3 ./Drivers/STM32L4xx_HAL_Driver/Src/stm32l4xx_hal_rcc_ex.o
 .debug_line    0x00010282     0x1ff0 ./Drivers/STM32L4xx_HAL_Driver/Src/stm32l4xx_hal_spi.o
 .debug_line    0x00012272     0x3bcc ./Drivers/STM32L4xx_HAL_Driver/Src/stm32l4xx_hal_tim.o
 .debug_line    0x00015e3e     0x1a52 ./Drivers/STM32L4xx_HAL_Driver/Src/stm32l4xx_hal_tim_ex.o
 .debug_line    0x00017890     0x2ce1 ./Drivers/STM32L4xx_HAL_Driver/Src/stm32l4xx_hal_uart.o
 .debug_line    0x0001a571      0x8f4 ./FATFS/App/fatfs.o
 .debug_line    0x0001ae65      0x94f ./FATFS/Target/user_diskio.o
 .debug_line    0x0001b7b4      0x95f ./Middlewares/Third_Party/FatFs/src/diskio.o
 .debug_line    0x0001c113     0x35d5 ./Middlewares/Third_Party/FatFs/src/ff.o
 .debug_line    0x0001f6e8      0x97d ./Middlewares/Third_Party/FatFs/src/ff_gen_drv.o

.debug_str      0x00000000    0xdc520
 .debug_str     0x00000000    0xdc520 ./Core/Src/OLED.o