../Core/Src/SD_card.c:5:12:ends_with_case	32	static
../Core/Src/SD_card.c:17:13:replace_ext	24	static
../Core/Src/SD_card.c:23:13:trim_crlf	24	static
../Core/Src/SD_card.c:29:16:parse_tsq_header	752	static
../Core/Src/SD_card.c:55:16:parse_wav_info	688	static
../Core/Src/SD_card.c:106:9:SongFS_Mount	16	static
../Core/Src/SD_card.c:110:9:SongFS_Unmount	8	static
../Core/Src/SD_card.c:114:13:path_join	40	static
../Core/Src/SD_card.c:122:15:scan_dir	536	static
../Core/Src/SD_card.c:162:8:SongFS_ListSongs	32	static
../Core/Src/SD_card.c:168:6:SongFS_Print	48	static
